Archive member included to satisfy reference by file (symbol)

build/lib/modules/freertos.a(tasks.o)
                              build/obj/src/main.o (xTaskCreate)
build/lib/modules/freertos.a(timers.o)
                              build/lib/modules/freertos.a(tasks.o) (xTimerCreateTimerTask)
build/lib/modules/freertos.a(port.o)
                              build/lib/modules/freertos.a(tasks.o) (pxPortInitialiseStack)
build/lib/modules/freertos.a(heap_4.o)
                              build/lib/modules/freertos.a(tasks.o) (pvPortMalloc)
build/lib/modules/freertos.a(list.o)
                              build/lib/modules/freertos.a(tasks.o) (vListInitialise)
build/lib/modules/freertos.a(queue.o)
                              build/lib/modules/freertos.a(timers.o) (xQueueGenericCreate)
build/lib/boards/edu-ciaa-nxp.a(board.o)
                              build/lib/modules/freertos.a(heap_4.o) (ucHeap)
build/lib/boards/edu-ciaa-nxp.a(armv7m_startup.o)
                              (Reset_Handler)
build/lib/boards/edu-ciaa-nxp.a(chip_18xx_43xx.o)
                              build/obj/src/bsp.o (SystemCoreClock)
build/lib/boards/edu-ciaa-nxp.a(clock_18xx_43xx.o)
                              build/lib/boards/edu-ciaa-nxp.a(chip_18xx_43xx.o) (Chip_Clock_GetClockInputHz)
build/lib/boards/edu-ciaa-nxp.a(sysinit.o)
                              build/lib/boards/edu-ciaa-nxp.a(armv7m_startup.o) (SystemInit)
build/lib/boards/edu-ciaa-nxp.a(board_lpcopen.o)
                              build/lib/boards/edu-ciaa-nxp.a(clock_18xx_43xx.o) (ExtRateIn)
build/lib/boards/edu-ciaa-nxp.a(board_sysinit.o)
                              build/lib/boards/edu-ciaa-nxp.a(sysinit.o) (Board_SystemInit)
build/lib/boards/edu-ciaa-nxp.a(adc_18xx_43xx.o)
                              build/lib/boards/edu-ciaa-nxp.a(board_lpcopen.o) (Chip_ADC_Init)
build/lib/boards/edu-ciaa-nxp.a(gpio_18xx_43xx.o)
                              build/lib/boards/edu-ciaa-nxp.a(board_lpcopen.o) (Chip_GPIO_Init)
build/lib/boards/edu-ciaa-nxp.a(i2c_18xx_43xx.o)
                              build/lib/boards/edu-ciaa-nxp.a(board_lpcopen.o) (Chip_I2C_Init)
build/lib/boards/edu-ciaa-nxp.a(ssp_18xx_43xx.o)
                              build/lib/boards/edu-ciaa-nxp.a(board_lpcopen.o) (Chip_SSP_SetBitRate)
build/lib/boards/edu-ciaa-nxp.a(sysinit_18xx_43xx.o)
                              build/lib/boards/edu-ciaa-nxp.a(board_sysinit.o) (Chip_SetupCoreClock)
build/lib/boards/edu-ciaa-nxp.a(uart_18xx_43xx.o)
                              build/lib/boards/edu-ciaa-nxp.a(board_lpcopen.o) (Chip_UART_Init)
build/lib/boards/edu-ciaa-nxp.a(ring_buffer.o)
                              build/lib/boards/edu-ciaa-nxp.a(uart_18xx_43xx.o) (RingBuffer_Insert)
/home/pablo/eiti/2022/embebidos/gcc/gcc-arm/bin/../lib/gcc/arm-none-eabi/10.3.1/thumb/v7e-m+fp/softfp/libgcc.a(_aeabi_uldivmod.o)
                              build/lib/boards/edu-ciaa-nxp.a(uart_18xx_43xx.o) (__aeabi_uldivmod)
/home/pablo/eiti/2022/embebidos/gcc/gcc-arm/bin/../lib/gcc/arm-none-eabi/10.3.1/thumb/v7e-m+fp/softfp/libgcc.a(_udivmoddi4.o)
                              /home/pablo/eiti/2022/embebidos/gcc/gcc-arm/bin/../lib/gcc/arm-none-eabi/10.3.1/thumb/v7e-m+fp/softfp/libgcc.a(_aeabi_uldivmod.o) (__udivmoddi4)
/home/pablo/eiti/2022/embebidos/gcc/gcc-arm/bin/../lib/gcc/arm-none-eabi/10.3.1/thumb/v7e-m+fp/softfp/libgcc.a(_dvmd_tls.o)
                              /home/pablo/eiti/2022/embebidos/gcc/gcc-arm/bin/../lib/gcc/arm-none-eabi/10.3.1/thumb/v7e-m+fp/softfp/libgcc.a(_aeabi_uldivmod.o) (__aeabi_ldiv0)
/home/pablo/eiti/2022/embebidos/gcc/gcc-arm/bin/../lib/gcc/arm-none-eabi/10.3.1/../../../../arm-none-eabi/lib/thumb/v7e-m+fp/softfp/libc_nano.a(lib_a-init.o)
                              build/lib/boards/edu-ciaa-nxp.a(armv7m_startup.o) (__libc_init_array)
/home/pablo/eiti/2022/embebidos/gcc/gcc-arm/bin/../lib/gcc/arm-none-eabi/10.3.1/../../../../arm-none-eabi/lib/thumb/v7e-m+fp/softfp/libc_nano.a(lib_a-memcpy-stub.o)
                              build/lib/modules/freertos.a(queue.o) (memcpy)
/home/pablo/eiti/2022/embebidos/gcc/gcc-arm/bin/../lib/gcc/arm-none-eabi/10.3.1/../../../../arm-none-eabi/lib/thumb/v7e-m+fp/softfp/libc_nano.a(lib_a-memset.o)
                              build/lib/modules/freertos.a(tasks.o) (memset)
/home/pablo/eiti/2022/embebidos/gcc/gcc-arm/bin/../lib/gcc/arm-none-eabi/10.3.1/../../../../arm-none-eabi/lib/thumb/v7e-m+fp/softfp/libc_nano.a(lib_a-strlen.o)
                              build/lib/modules/freertos.a(tasks.o) (strlen)

Discarded input sections

 .group         0x0000000000000000        0xc build/obj/src/bsp.o
 .group         0x0000000000000000        0xc build/obj/src/bsp.o
 .group         0x0000000000000000        0xc build/obj/src/bsp.o
 .group         0x0000000000000000        0xc build/obj/src/bsp.o
 .group         0x0000000000000000        0xc build/obj/src/bsp.o
 .group         0x0000000000000000        0xc build/obj/src/bsp.o
[...]
Memory Configuration

Name             Origin             Length             Attributes
MFlashA512       0x000000001a000000 0x0000000000080000 xr
MFlashB512       0x000000001b000000 0x0000000000080000 xr
RamLoc32         0x0000000010000000 0x0000000000008000 xrw
RamLoc40         0x0000000010080000 0x000000000000a000 xrw
RamAHB32         0x0000000020000000 0x0000000000008000 xrw
RamAHB16         0x0000000020008000 0x0000000000004000 xrw
RamAHB_ETB16     0x000000002000c000 0x0000000000004000 xrw
*default*        0x0000000000000000 0xffffffffffffffff

Linker script and memory map

LOAD build/obj/src/bsp.o
LOAD build/obj/src/digital.o
LOAD build/obj/src/main.o
LOAD build/lib/modules/freertos.a
LOAD build/lib/boards/edu-ciaa-nxp.a
START GROUP
LOAD /home/pablo/eiti/2022/embebidos/gcc/gcc-arm/bin/../lib/gcc/arm-none-eabi/10.3.1/thumb/v7e-m+fp/softfp/libgcc.a
LOAD /home/pablo/eiti/2022/embebidos/gcc/gcc-arm/bin/../lib/gcc/arm-none-eabi/10.3.1/../../../../arm-none-eabi/lib/thumb/v7e-m+fp/softfp/libc_nano.a
END GROUP
START GROUP
LOAD /home/pablo/eiti/2022/embebidos/gcc/gcc-arm/bin/../lib/gcc/arm-none-eabi/10.3.1/thumb/v7e-m+fp/softfp/libgcc.a
LOAD /home/pablo/eiti/2022/embebidos/gcc/gcc-arm/bin/../lib/gcc/arm-none-eabi/10.3.1/../../../../arm-none-eabi/lib/thumb/v7e-m+fp/softfp/libc_nano.a
LOAD /home/pablo/eiti/2022/embebidos/gcc/gcc-arm/bin/../lib/gcc/arm-none-eabi/10.3.1/../../../../arm-none-eabi/lib/thumb/v7e-m+fp/softfp/libnosys.a
END GROUP
START GROUP
LOAD /home/pablo/eiti/2022/embebidos/gcc/gcc-arm/bin/../lib/gcc/arm-none-eabi/10.3.1/thumb/v7e-m+fp/softfp/libgcc.a
LOAD /home/pablo/eiti/2022/embebidos/gcc/gcc-arm/bin/../lib/gcc/arm-none-eabi/10.3.1/../../../../arm-none-eabi/lib/thumb/v7e-m+fp/softfp/libc_nano.a
LOAD /home/pablo/eiti/2022/embebidos/gcc/gcc-arm/bin/../lib/gcc/arm-none-eabi/10.3.1/../../../../arm-none-eabi/lib/thumb/v7e-m+fp/softfp/libnosys.a
END GROUP
                0x000000001a080000                __top_MFlashA512 = 0x1a080000
                0x000000001b080000                __top_MFlashB512 = 0x1b080000
                0x0000000010008000                __top_RamLoc32 = 0x10008000
                0x000000001008a000                __top_RamLoc40 = 0x1008a000
                0x0000000020008000                __top_RamAHB32 = 0x20008000
                0x000000002000c000                __top_RamAHB16 = 0x2000c000
                0x0000000020010000                __top_RamAHB_ETB16 = 0x20010000
START GROUP
LOAD /home/pablo/eiti/2022/embebidos/gcc/gcc-arm/bin/../lib/gcc/arm-none-eabi/10.3.1/thumb/v7e-m+fp/softfp/libgcc.a
LOAD /home/pablo/eiti/2022/embebidos/gcc/gcc-arm/bin/../lib/gcc/arm-none-eabi/10.3.1/../../../../arm-none-eabi/lib/thumb/v7e-m+fp/softfp/libc.a
LOAD /home/pablo/eiti/2022/embebidos/gcc/gcc-arm/bin/../lib/gcc/arm-none-eabi/10.3.1/../../../../arm-none-eabi/lib/thumb/v7e-m+fp/softfp/libm.a
END GROUP

.text_Flash2    0x000000001b000000        0x0
 FILL mask 0xff
 *(.text_Flash2*)
 *(.text_MFlashB512*)
 *(.text.$Flash2*)
 *(.text.$MFlashB512*)
 *(.rodata.$Flash2*)
 *(.rodata.$MFlashB512*)

.text           0x000000001a000000      0x15a
 FILL mask 0xff
                0x000000001a000000                __vectors_start__ = ABSOLUTE (.)
 *(.isr_vector)
 .isr_vector    0x000000001a000000       0x40 build/lib/boards/edu-ciaa-nxp.a(armv7m_startup.o)
                0x000000001a000000                g_pfnVectors
 *(.isr_vendor_vector)
                0x000000001a000040                . = ALIGN (0x4)
                0x000000001a000040                __section_table_start = .
                0x000000001a000040                __data_section_table = .
                0x000000001a000040        0x4 LONG 0x1a00f5c8 LOADADDR (.data)
                0x000000001a000044        0x4 LONG 0x10000000 ADDR (.data)
                0x000000001a000048        0x4 LONG 0x40 SIZEOF (.data)
                0x000000001a00004c        0x4 LONG 0x1a0055c8 LOADADDR (.data_RAM2)
                0x000000001a000050        0x4 LONG 0x10080000 ADDR (.data_RAM2)
                0x000000001a000054        0x4 LONG 0xa000 SIZEOF (.data_RAM2)
                0x000000001a000058        0x4 LONG 0x1a00f5c8 LOADADDR (.data_RAM3)
                0x000000001a00005c        0x4 LONG 0x20000000 ADDR (.data_RAM3)
                0x000000001a000060        0x4 LONG 0x0 SIZEOF (.data_RAM3)
                0x000000001a000064        0x4 LONG 0x1a00f5c8 LOADADDR (.data_RAM4)
                0x000000001a000068        0x4 LONG 0x20008000 ADDR (.data_RAM4)
                0x000000001a00006c        0x4 LONG 0x0 SIZEOF (.data_RAM4)
                0x000000001a000070        0x4 LONG 0x1a00f5c8 LOADADDR (.data_RAM5)
                0x000000001a000074        0x4 LONG 0x2000c000 ADDR (.data_RAM5)
                0x000000001a000078        0x4 LONG 0x0 SIZEOF (.data_RAM5)
                0x000000001a00007c                __data_section_table_end = .
                0x000000001a00007c                __bss_section_table = .
                0x000000001a00007c        0x4 LONG 0x10000040 ADDR (.bss)
                0x000000001a000080        0x4 LONG 0x250 SIZEOF (.bss)
                0x000000001a000084        0x4 LONG 0x1008a000 ADDR (.bss_RAM2)
                0x000000001a000088        0x4 LONG 0x0 SIZEOF (.bss_RAM2)
                0x000000001a00008c        0x4 LONG 0x20000000 ADDR (.bss_RAM3)
                0x000000001a000090        0x4 LONG 0x0 SIZEOF (.bss_RAM3)
                0x000000001a000094        0x4 LONG 0x20008000 ADDR (.bss_RAM4)
                0x000000001a000098        0x4 LONG 0x0 SIZEOF (.bss_RAM4)
                0x000000001a00009c        0x4 LONG 0x2000c000 ADDR (.bss_RAM5)
                0x000000001a0000a0        0x4 LONG 0x0 SIZEOF (.bss_RAM5)
                0x000000001a0000a4                __bss_section_table_end = .
                0x000000001a0000a4                __section_table_end = .
 *(.after_vectors*)
 .after_vectors
                0x000000001a0000a4       0xb6 build/lib/boards/edu-ciaa-nxp.a(armv7m_startup.o)
                0x000000001a0000a4                data_init
                0x000000001a0000ea                bss_init
                0x000000001a000124                NMI_Handler
                0x000000001a00012a                HardFault_Handler
                0x000000001a000130                MemManage_Handler
                0x000000001a000136                BusFault_Handler
                0x000000001a00013c                UsageFault_Handler
                0x000000001a000148                DebugMon_Handler

.glue_7         0x000000001a00015c        0x0
 .glue_7        0x000000001a00015c        0x0 linker stubs

.glue_7t        0x000000001a00015c        0x0
 .glue_7t       0x000000001a00015c        0x0 linker stubs

.vfp11_veneer   0x000000001a00015c        0x0
 .vfp11_veneer  0x000000001a00015c        0x0 linker stubs

.v4_bx          0x000000001a00015c        0x0
 .v4_bx         0x000000001a00015c        0x0 linker stubs

.iplt           0x000000001a00015c        0x0
 .iplt          0x000000001a00015c        0x0 build/obj/src/bsp.o
                0x000000001a00015c                . = ALIGN (0x4)

.preinit_array  0x000000001a00015a        0x0
                0x000000001a00015a                PROVIDE (__preinit_array_start = .)
 *(.preinit_array*)
                0x000000001a00015a                PROVIDE (__preinit_array_end = .)

.init_array     0x000000001a00015a        0x0
                0x000000001a00015a                PROVIDE (__init_array_start = .)
 *(SORT_BY_NAME(.init_array.*))
 *(.init_array*)
                0x000000001a00015a                PROVIDE (__init_array_end = .)
                0x000000001a00015c                . = ALIGN (0x4)

.text           0x000000001a000160     0x5460
 *(.text*)
 .text.Chip_SCU_PinMuxSet
                0x000000001a000160       0x34 build/obj/src/bsp.o
 .text.Chip_GPIO_SetPinState
                0x000000001a000194       0x38 build/obj/src/bsp.o
 .text.Chip_GPIO_SetPinDIROutput
                0x000000001a0001cc       0x3e build/obj/src/bsp.o
 .text.Chip_GPIO_SetPinDIRInput
                0x000000001a00020a       0x40 build/obj/src/bsp.o
 .text.Chip_GPIO_SetPinDIR
                0x000000001a00024a       0x42 build/obj/src/bsp.o
 .text.BoardCreate
                0x000000001a00028c      0x120 build/obj/src/bsp.o
                0x000000001a00028c                BoardCreate
 .text.Chip_GPIO_SetPinState
                0x000000001a0003ac       0x38 build/obj/src/digital.o
 .text.Chip_GPIO_ReadPortBit
                0x000000001a0003e4       0x34 build/obj/src/digital.o
 .text.Chip_GPIO_SetPinDIROutput
                0x000000001a000418       0x3e build/obj/src/digital.o
 .text.Chip_GPIO_SetPinDIRInput
                0x000000001a000456       0x40 build/obj/src/digital.o
 .text.Chip_GPIO_SetPinDIR
                0x000000001a000496       0x42 build/obj/src/digital.o
 .text.Chip_GPIO_SetPinToggle
                0x000000001a0004d8       0x32 build/obj/src/digital.o
 *fill*         0x000000001a00050a        0x2 
 .text.DigitalInputAllocate
                0x000000001a00050c       0x6c build/obj/src/digital.o
                0x000000001a00050c                DigitalInputAllocate
 .text.DigitalOutputAllocate
                0x000000001a000578       0x6c build/obj/src/digital.o
                0x000000001a000578                DigitalOutputAllocate
 .text.DigitalInputCreate
                0x000000001a0005e4       0x50 build/obj/src/digital.o
                0x000000001a0005e4                DigitalInputCreate
 .text.DigitalInputGetState
                0x000000001a000634       0x3c build/obj/src/digital.o
                0x000000001a000634                DigitalInputGetState
 .text.DigitalInputHasActivated
                0x000000001a000670       0x46 build/obj/src/digital.o
                0x000000001a000670                DigitalInputHasActivated
 *fill*         0x000000001a0006b6        0x2 
 .text.DigitalOutputCreate
                0x000000001a0006b8       0x58 build/obj/src/digital.o
                0x000000001a0006b8                DigitalOutputCreate
 .text.DigitalOutputToggle
                0x000000001a000710       0x24 build/obj/src/digital.o
                0x000000001a000710                DigitalOutputToggle
 .text.Blinking
                0x000000001a000734       0x38 build/obj/src/main.o
                0x000000001a000734                Blinking
 .text.BlinkingAmarillo
                0x000000001a00076c       0x48 build/obj/src/main.o
                0x000000001a00076c                BlinkingAmarillo
 .text.Teclado  0x000000001a0007b4       0xb8 build/obj/src/main.o
                0x000000001a0007b4                Teclado
 .text.main     0x000000001a00086c      0x110 build/obj/src/main.o
                0x000000001a00086c                main
 .text.xTaskCreate
                0x000000001a00097c       0x82 build/lib/modules/freertos.a(tasks.o)
                0x000000001a00097c                xTaskCreate
 .text.prvInitialiseNewTask
                0x000000001a0009fe      0x12c build/lib/modules/freertos.a(tasks.o)
 *fill*         0x000000001a000b2a        0x2 
 .text.prvAddNewTaskToReadyList
                0x000000001a000b2c       0xdc build/lib/modules/freertos.a(tasks.o)
 .text.xTaskDelayUntil
                0x000000001a000c08       0xfc build/lib/modules/freertos.a(tasks.o)
                0x000000001a000c08                xTaskDelayUntil
 .text.vTaskDelay
                0x000000001a000d04       0x68 build/lib/modules/freertos.a(tasks.o)
                0x000000001a000d04                vTaskDelay
 .text.eTaskGetState
                0x000000001a000d6c       0xf4 build/lib/modules/freertos.a(tasks.o)
                0x000000001a000d6c                eTaskGetState
 .text.vTaskSuspend
                0x000000001a000e60      0x140 build/lib/modules/freertos.a(tasks.o)
                0x000000001a000e60                vTaskSuspend
 .text.prvTaskIsTaskSuspended
                0x000000001a000fa0       0x64 build/lib/modules/freertos.a(tasks.o)
 .text.vTaskResume
                0x000000001a001004       0xbc build/lib/modules/freertos.a(tasks.o)
                0x000000001a001004                vTaskResume
 .text.vTaskStartScheduler
                0x000000001a0010c0       0xa4 build/lib/modules/freertos.a(tasks.o)
                0x000000001a0010c0                vTaskStartScheduler
 .text.vTaskSuspendAll
                0x000000001a001164       0x1c build/lib/modules/freertos.a(tasks.o)
                0x000000001a001164                vTaskSuspendAll
 .text.xTaskResumeAll
                0x000000001a001180      0x138 build/lib/modules/freertos.a(tasks.o)
                0x000000001a001180                xTaskResumeAll
 .text.xTaskGetTickCount
                0x000000001a0012b8       0x20 build/lib/modules/freertos.a(tasks.o)
                0x000000001a0012b8                xTaskGetTickCount
 .text.prvSearchForNameWithinSingleList
                0x000000001a0012d8       0xdc build/lib/modules/freertos.a(tasks.o)
 .text.xTaskGetHandle
                0x000000001a0013b4       0xcc build/lib/modules/freertos.a(tasks.o)
                0x000000001a0013b4                xTaskGetHandle
 .text.xTaskIncrementTick
                0x000000001a001480      0x170 build/lib/modules/freertos.a(tasks.o)
                0x000000001a001480                xTaskIncrementTick
 .text.vTaskSwitchContext
                0x000000001a0015f0       0xb8 build/lib/modules/freertos.a(tasks.o)
                0x000000001a0015f0                vTaskSwitchContext
 .text.vTaskPlaceOnEventList
                0x000000001a0016a8       0x48 build/lib/modules/freertos.a(tasks.o)
                0x000000001a0016a8                vTaskPlaceOnEventList
 .text.vTaskPlaceOnEventListRestricted
                0x000000001a0016f0       0x58 build/lib/modules/freertos.a(tasks.o)
                0x000000001a0016f0                vTaskPlaceOnEventListRestricted
 .text.xTaskRemoveFromEventList
                0x000000001a001748       0xc4 build/lib/modules/freertos.a(tasks.o)
                0x000000001a001748                xTaskRemoveFromEventList
 .text.vTaskInternalSetTimeOutState
                0x000000001a00180c       0x2c build/lib/modules/freertos.a(tasks.o)
                0x000000001a00180c                vTaskInternalSetTimeOutState
 .text.xTaskCheckForTimeOut
                0x000000001a001838       0xcc build/lib/modules/freertos.a(tasks.o)
                0x000000001a001838                xTaskCheckForTimeOut
 .text.vTaskMissedYield
                0x000000001a001904       0x18 build/lib/modules/freertos.a(tasks.o)
                0x000000001a001904                vTaskMissedYield
 .text.prvIdleTask
                0x000000001a00191c       0x30 build/lib/modules/freertos.a(tasks.o)
 .text.prvInitialiseTaskLists
                0x000000001a00194c       0x80 build/lib/modules/freertos.a(tasks.o)
 .text.prvCheckTasksWaitingTermination
                0x000000001a0019cc       0x5c build/lib/modules/freertos.a(tasks.o)
 .text.prvDeleteTCB
                0x000000001a001a28       0x20 build/lib/modules/freertos.a(tasks.o)
 .text.prvResetNextTaskUnblockTime
                0x000000001a001a48       0x38 build/lib/modules/freertos.a(tasks.o)
 .text.xTaskGetSchedulerState
                0x000000001a001a80       0x3c build/lib/modules/freertos.a(tasks.o)
                0x000000001a001a80                xTaskGetSchedulerState
 .text.xTaskPriorityDisinherit
                0x000000001a001abc       0xf4 build/lib/modules/freertos.a(tasks.o)
                0x000000001a001abc                xTaskPriorityDisinherit
 .text.prvAddCurrentTaskToDelayedList
                0x000000001a001bb0       0xcc build/lib/modules/freertos.a(tasks.o)
 .text.xTimerCreateTimerTask
                0x000000001a001c7c       0x64 build/lib/modules/freertos.a(timers.o)
                0x000000001a001c7c                xTimerCreateTimerTask
 .text.xTimerGenericCommand
                0x000000001a001ce0       0x9c build/lib/modules/freertos.a(timers.o)
                0x000000001a001ce0                xTimerGenericCommand
 .text.prvProcessExpiredTimer
                0x000000001a001d7c       0x98 build/lib/modules/freertos.a(timers.o)
 .text.prvTimerTask
                0x000000001a001e14       0x24 build/lib/modules/freertos.a(timers.o)
 .text.prvProcessTimerOrBlockTask
                0x000000001a001e38       0x9c build/lib/modules/freertos.a(timers.o)
 .text.prvGetNextExpireTime
                0x000000001a001ed4       0x48 build/lib/modules/freertos.a(timers.o)
 .text.prvSampleTimeNow
                0x000000001a001f1c       0x40 build/lib/modules/freertos.a(timers.o)
 .text.prvInsertTimerInActiveList
                0x000000001a001f5c       0x84 build/lib/modules/freertos.a(timers.o)
 .text.prvProcessReceivedCommands
                0x000000001a001fe0      0x1c4 build/lib/modules/freertos.a(timers.o)
 .text.prvSwitchTimerLists
                0x000000001a0021a4       0xc8 build/lib/modules/freertos.a(timers.o)
 .text.prvCheckForValidListAndQueue
                0x000000001a00226c       0x6c build/lib/modules/freertos.a(timers.o)
 .text.pxPortInitialiseStack
                0x000000001a0022d8       0x68 build/lib/modules/freertos.a(port.o)
                0x000000001a0022d8                pxPortInitialiseStack
 .text.prvTaskExitError
                0x000000001a002340       0x58 build/lib/modules/freertos.a(port.o)
 *fill*         0x000000001a002398        0x8 
 .text.SVC_Handler
                0x000000001a0023a0       0x28 build/lib/modules/freertos.a(port.o)
                0x000000001a0023a0                SVC_Handler
 .text.prvPortStartFirstTask
                0x000000001a0023c8       0x2c build/lib/modules/freertos.a(port.o)
 .text.xPortStartScheduler
                0x000000001a0023f4      0x164 build/lib/modules/freertos.a(port.o)
                0x000000001a0023f4                xPortStartScheduler
 .text.vPortEnterCritical
                0x000000001a002558       0x60 build/lib/modules/freertos.a(port.o)
                0x000000001a002558                vPortEnterCritical
 .text.vPortExitCritical
                0x000000001a0025b8       0x54 build/lib/modules/freertos.a(port.o)
                0x000000001a0025b8                vPortExitCritical
 *fill*         0x000000001a00260c        0x4 
 .text.PendSV_Handler
                0x000000001a002610       0x68 build/lib/modules/freertos.a(port.o)
                0x000000001a002610                PendSV_Handler
 .text.SysTick_Handler
                0x000000001a002678       0x44 build/lib/modules/freertos.a(port.o)
                0x000000001a002678                SysTick_Handler
 .text.vPortSetupTimerInterrupt
                0x000000001a0026bc       0x48 build/lib/modules/freertos.a(port.o)
                0x000000001a0026bc                vPortSetupTimerInterrupt
 .text.vPortEnableVFP
                0x000000001a002704       0x18 build/lib/modules/freertos.a(port.o)
 .text.vPortValidateInterruptPriority
                0x000000001a00271c       0x80 build/lib/modules/freertos.a(port.o)
                0x000000001a00271c                vPortValidateInterruptPriority
 .text.pvPortMalloc
                0x000000001a00279c      0x1c0 build/lib/modules/freertos.a(heap_4.o)
                0x000000001a00279c                pvPortMalloc
 .text.vPortFree
                0x000000001a00295c       0xc4 build/lib/modules/freertos.a(heap_4.o)
                0x000000001a00295c                vPortFree
 .text.prvHeapInit
                0x000000001a002a20       0xc4 build/lib/modules/freertos.a(heap_4.o)
 .text.prvInsertBlockIntoFreeList
                0x000000001a002ae4       0xb4 build/lib/modules/freertos.a(heap_4.o)
 .text.vListInitialise
                0x000000001a002b98       0x40 build/lib/modules/freertos.a(list.o)
                0x000000001a002b98                vListInitialise
 .text.vListInitialiseItem
                0x000000001a002bd8       0x1a build/lib/modules/freertos.a(list.o)
                0x000000001a002bd8                vListInitialiseItem
 .text.vListInsertEnd
                0x000000001a002bf2       0x48 build/lib/modules/freertos.a(list.o)
                0x000000001a002bf2                vListInsertEnd
 .text.vListInsert
                0x000000001a002c3a       0x72 build/lib/modules/freertos.a(list.o)
                0x000000001a002c3a                vListInsert
 .text.uxListRemove
                0x000000001a002cac       0x54 build/lib/modules/freertos.a(list.o)
                0x000000001a002cac                uxListRemove
 .text.xQueueGenericReset
                0x000000001a002d00       0xd0 build/lib/modules/freertos.a(queue.o)
                0x000000001a002d00                xQueueGenericReset
 .text.xQueueGenericCreate
                0x000000001a002dd0       0xbe build/lib/modules/freertos.a(queue.o)
                0x000000001a002dd0                xQueueGenericCreate
 .text.prvInitialiseNewQueue
                0x000000001a002e8e       0x46 build/lib/modules/freertos.a(queue.o)
 .text.xQueueGenericSend
                0x000000001a002ed4      0x1fc build/lib/modules/freertos.a(queue.o)
                0x000000001a002ed4                xQueueGenericSend
 .text.xQueueGenericSendFromISR
                0x000000001a0030d0      0x154 build/lib/modules/freertos.a(queue.o)
                0x000000001a0030d0                xQueueGenericSendFromISR
 .text.xQueueReceive
                0x000000001a003224      0x1c0 build/lib/modules/freertos.a(queue.o)
                0x000000001a003224                xQueueReceive
 .text.prvCopyDataToQueue
                0x000000001a0033e4       0xd4 build/lib/modules/freertos.a(queue.o)
 .text.prvCopyDataFromQueue
                0x000000001a0034b8       0x4c build/lib/modules/freertos.a(queue.o)
 .text.prvUnlockQueue
                0x000000001a003504       0xa4 build/lib/modules/freertos.a(queue.o)
 .text.prvIsQueueEmpty
                0x000000001a0035a8       0x2c build/lib/modules/freertos.a(queue.o)
 .text.prvIsQueueFull
                0x000000001a0035d4       0x30 build/lib/modules/freertos.a(queue.o)
 .text.vQueueAddToRegistry
                0x000000001a003604       0x54 build/lib/modules/freertos.a(queue.o)
                0x000000001a003604                vQueueAddToRegistry
 .text.vQueueWaitForMessageRestricted
                0x000000001a003658       0x68 build/lib/modules/freertos.a(queue.o)
                0x000000001a003658                vQueueWaitForMessageRestricted
 .text.initialise_monitor_handles
                0x000000001a0036c0        0xe build/lib/boards/edu-ciaa-nxp.a(armv7m_startup.o)
                0x000000001a0036c0                initialise_monitor_handles
 .text._fini    0x000000001a0036ce        0xe build/lib/boards/edu-ciaa-nxp.a(armv7m_startup.o)
                0x000000001a0036ce                _fini
 .text._init    0x000000001a0036dc        0xe build/lib/boards/edu-ciaa-nxp.a(armv7m_startup.o)
                0x000000001a0036dc                _init
 *fill*         0x000000001a0036ea        0x2 
 .text.Reset_Handler
                0x000000001a0036ec       0xcc build/lib/boards/edu-ciaa-nxp.a(armv7m_startup.o)
                0x000000001a0036ec                Reset_Handler
 .text.SystemCoreClockUpdate
                0x000000001a0037b8       0x18 build/lib/boards/edu-ciaa-nxp.a(chip_18xx_43xx.o)
                0x000000001a0037b8                SystemCoreClockUpdate
 .text.ABS      0x000000001a0037d0       0x22 build/lib/boards/edu-ciaa-nxp.a(clock_18xx_43xx.o)
 *fill*         0x000000001a0037f2        0x2 
 .text.pll_calc_divs
                0x000000001a0037f4      0x124 build/lib/boards/edu-ciaa-nxp.a(clock_18xx_43xx.o)
 .text.pll_get_frac
                0x000000001a003918      0x180 build/lib/boards/edu-ciaa-nxp.a(clock_18xx_43xx.o)
 .text.Chip_Clock_GetDivRate
                0x000000001a003a98       0x40 build/lib/boards/edu-ciaa-nxp.a(clock_18xx_43xx.o)
 .text.Chip_Clock_FindBaseClock
                0x000000001a003ad8       0x90 build/lib/boards/edu-ciaa-nxp.a(clock_18xx_43xx.o)
 .text.Chip_Clock_EnableCrystal
                0x000000001a003b68       0x70 build/lib/boards/edu-ciaa-nxp.a(clock_18xx_43xx.o)
                0x000000001a003b68                Chip_Clock_EnableCrystal
 .text.Chip_Clock_CalcMainPLLValue
                0x000000001a003bd8       0xd8 build/lib/boards/edu-ciaa-nxp.a(clock_18xx_43xx.o)
                0x000000001a003bd8                Chip_Clock_CalcMainPLLValue
 .text.Chip_Clock_GetMainPLLHz
                0x000000001a003cb0       0xbc build/lib/boards/edu-ciaa-nxp.a(clock_18xx_43xx.o)
                0x000000001a003cb0                Chip_Clock_GetMainPLLHz
 .text.Chip_Clock_GetDividerSource
                0x000000001a003d6c       0x40 build/lib/boards/edu-ciaa-nxp.a(clock_18xx_43xx.o)
                0x000000001a003d6c                Chip_Clock_GetDividerSource
 .text.Chip_Clock_GetDividerDivisor
                0x000000001a003dac       0x38 build/lib/boards/edu-ciaa-nxp.a(clock_18xx_43xx.o)
                0x000000001a003dac                Chip_Clock_GetDividerDivisor
 .text.Chip_Clock_GetClockInputHz
                0x000000001a003de4      0x140 build/lib/boards/edu-ciaa-nxp.a(clock_18xx_43xx.o)
                0x000000001a003de4                Chip_Clock_GetClockInputHz
 .text.Chip_Clock_GetBaseClocktHz
                0x000000001a003f24       0x24 build/lib/boards/edu-ciaa-nxp.a(clock_18xx_43xx.o)
                0x000000001a003f24                Chip_Clock_GetBaseClocktHz
 .text.Chip_Clock_SetBaseClock
                0x000000001a003f48       0x9c build/lib/boards/edu-ciaa-nxp.a(clock_18xx_43xx.o)
                0x000000001a003f48                Chip_Clock_SetBaseClock
 .text.Chip_Clock_GetBaseClock
                0x000000001a003fe4       0x4c build/lib/boards/edu-ciaa-nxp.a(clock_18xx_43xx.o)
                0x000000001a003fe4                Chip_Clock_GetBaseClock
 .text.Chip_Clock_EnableOpts
                0x000000001a004030       0x7c build/lib/boards/edu-ciaa-nxp.a(clock_18xx_43xx.o)
                0x000000001a004030                Chip_Clock_EnableOpts
 .text.Chip_Clock_Enable
                0x000000001a0040ac       0x60 build/lib/boards/edu-ciaa-nxp.a(clock_18xx_43xx.o)
                0x000000001a0040ac                Chip_Clock_Enable
 .text.Chip_Clock_GetRate
                0x000000001a00410c       0x88 build/lib/boards/edu-ciaa-nxp.a(clock_18xx_43xx.o)
                0x000000001a00410c                Chip_Clock_GetRate
 .text.SCB_GetFPUType
                0x000000001a004194       0x2c build/lib/boards/edu-ciaa-nxp.a(sysinit.o)
 .text.SystemInit
                0x000000001a0041c0       0x38 build/lib/boards/edu-ciaa-nxp.a(sysinit.o)
                0x000000001a0041c0                SystemInit
 .text.Chip_SCU_I2C0PinConfig
                0x000000001a0041f8       0x20 build/lib/boards/edu-ciaa-nxp.a(board_lpcopen.o)
 .text.Chip_GPIO_SetPinState
                0x000000001a004218       0x38 build/lib/boards/edu-ciaa-nxp.a(board_lpcopen.o)
 .text.Chip_GPIO_SetPinDIROutput
                0x000000001a004250       0x3e build/lib/boards/edu-ciaa-nxp.a(board_lpcopen.o)
 .text.Chip_GPIO_SetPinDIRInput
                0x000000001a00428e       0x40 build/lib/boards/edu-ciaa-nxp.a(board_lpcopen.o)
 .text.Chip_SSP_Enable
                0x000000001a0042ce       0x20 build/lib/boards/edu-ciaa-nxp.a(board_lpcopen.o)
 .text.Chip_SSP_SetFormat
                0x000000001a0042ee       0x32 build/lib/boards/edu-ciaa-nxp.a(board_lpcopen.o)
 .text.Chip_SSP_Set_Mode
                0x000000001a004320       0x26 build/lib/boards/edu-ciaa-nxp.a(board_lpcopen.o)
 .text.Chip_UART_TXEnable
                0x000000001a004346       0x1a build/lib/boards/edu-ciaa-nxp.a(board_lpcopen.o)
 .text.Chip_UART_ConfigData
                0x000000001a004360       0x1c build/lib/boards/edu-ciaa-nxp.a(board_lpcopen.o)
 .text.Board_LED_Init
                0x000000001a00437c       0x54 build/lib/boards/edu-ciaa-nxp.a(board_lpcopen.o)
 .text.Board_TEC_Init
                0x000000001a0043d0       0x44 build/lib/boards/edu-ciaa-nxp.a(board_lpcopen.o)
 .text.Board_GPIO_Init
                0x000000001a004414       0x44 build/lib/boards/edu-ciaa-nxp.a(board_lpcopen.o)
 .text.Board_I2C_Init
                0x000000001a004458       0x24 build/lib/boards/edu-ciaa-nxp.a(board_lpcopen.o)
 .text.Board_SPI_Init
                0x000000001a00447c       0x38 build/lib/boards/edu-ciaa-nxp.a(board_lpcopen.o)
 .text.Board_ADC_Init
                0x000000001a0044b4       0x38 build/lib/boards/edu-ciaa-nxp.a(board_lpcopen.o)
 .text.Board_Debug_Init
                0x000000001a0044ec       0x2c build/lib/boards/edu-ciaa-nxp.a(board_lpcopen.o)
                0x000000001a0044ec                Board_Debug_Init
 .text.Board_Init
                0x000000001a004518       0x30 build/lib/boards/edu-ciaa-nxp.a(board_lpcopen.o)
                0x000000001a004518                Board_Init
 .text.Chip_SCU_PinMuxSet
                0x000000001a004548       0x34 build/lib/boards/edu-ciaa-nxp.a(board_sysinit.o)
 .text.Chip_SCU_SetPinMuxing
                0x000000001a00457c       0x4c build/lib/boards/edu-ciaa-nxp.a(board_sysinit.o)
 .text.Chip_CREG_SetFlashAcceleration
                0x000000001a0045c8       0x54 build/lib/boards/edu-ciaa-nxp.a(board_sysinit.o)
 .text.Board_SetupMuxing
                0x000000001a00461c       0x14 build/lib/boards/edu-ciaa-nxp.a(board_sysinit.o)
                0x000000001a00461c                Board_SetupMuxing
 .text.Board_SetupClocking
                0x000000001a004630       0x74 build/lib/boards/edu-ciaa-nxp.a(board_sysinit.o)
                0x000000001a004630                Board_SetupClocking
 .text.Board_SystemInit
                0x000000001a0046a4       0x14 build/lib/boards/edu-ciaa-nxp.a(board_sysinit.o)
                0x000000001a0046a4                Board_SystemInit
 .text.getFullConvClk
                0x000000001a0046b8       0x10 build/lib/boards/edu-ciaa-nxp.a(adc_18xx_43xx.o)
 .text.Chip_ADC_GetClockIndex
                0x000000001a0046c8       0x2c build/lib/boards/edu-ciaa-nxp.a(adc_18xx_43xx.o)
 .text.getClkDiv
                0x000000001a0046f4       0x66 build/lib/boards/edu-ciaa-nxp.a(adc_18xx_43xx.o)
 *fill*         0x000000001a00475a        0x2 
 .text.Chip_ADC_Init
                0x000000001a00475c       0x88 build/lib/boards/edu-ciaa-nxp.a(adc_18xx_43xx.o)
                0x000000001a00475c                Chip_ADC_Init
 .text.Chip_ADC_SetSampleRate
                0x000000001a0047e4       0x64 build/lib/boards/edu-ciaa-nxp.a(adc_18xx_43xx.o)
                0x000000001a0047e4                Chip_ADC_SetSampleRate
 .text.Chip_ADC_SetResolution
                0x000000001a004848       0x2a build/lib/boards/edu-ciaa-nxp.a(adc_18xx_43xx.o)
                0x000000001a004848                Chip_ADC_SetResolution
 .text.Chip_GPIO_Init
                0x000000001a004872       0x14 build/lib/boards/edu-ciaa-nxp.a(gpio_18xx_43xx.o)
                0x000000001a004872                Chip_GPIO_Init
 *fill*         0x000000001a004886        0x2 
 .text.enableClk
                0x000000001a004888       0x30 build/lib/boards/edu-ciaa-nxp.a(i2c_18xx_43xx.o)
 .text.getClkRate
                0x000000001a0048b8       0x30 build/lib/boards/edu-ciaa-nxp.a(i2c_18xx_43xx.o)
 .text.Chip_I2C_EventHandler
                0x000000001a0048e8       0x4c build/lib/boards/edu-ciaa-nxp.a(i2c_18xx_43xx.o)
                0x000000001a0048e8                Chip_I2C_EventHandler
 .text.Chip_I2C_Init
                0x000000001a004934       0x34 build/lib/boards/edu-ciaa-nxp.a(i2c_18xx_43xx.o)
                0x000000001a004934                Chip_I2C_Init
 .text.Chip_I2C_SetClockRate
                0x000000001a004968       0x68 build/lib/boards/edu-ciaa-nxp.a(i2c_18xx_43xx.o)
                0x000000001a004968                Chip_I2C_SetClockRate
 .text.Chip_SSP_SetFormat
                0x000000001a0049d0       0x32 build/lib/boards/edu-ciaa-nxp.a(ssp_18xx_43xx.o)
 .text.Chip_SSP_Set_Mode
                0x000000001a004a02       0x26 build/lib/boards/edu-ciaa-nxp.a(ssp_18xx_43xx.o)
 .text.Chip_SSP_GetClockIndex
                0x000000001a004a28       0x2c build/lib/boards/edu-ciaa-nxp.a(ssp_18xx_43xx.o)
 .text.Chip_SSP_GetPeriphClockIndex
                0x000000001a004a54       0x30 build/lib/boards/edu-ciaa-nxp.a(ssp_18xx_43xx.o)
 .text.Chip_SSP_SetClockRate
                0x000000001a004a84       0x36 build/lib/boards/edu-ciaa-nxp.a(ssp_18xx_43xx.o)
                0x000000001a004a84                Chip_SSP_SetClockRate
 .text.Chip_SSP_SetBitRate
                0x000000001a004aba       0x74 build/lib/boards/edu-ciaa-nxp.a(ssp_18xx_43xx.o)
                0x000000001a004aba                Chip_SSP_SetBitRate
 *fill*         0x000000001a004b2e        0x2 
 .text.Chip_SSP_Init
                0x000000001a004b30       0x4c build/lib/boards/edu-ciaa-nxp.a(ssp_18xx_43xx.o)
                0x000000001a004b30                Chip_SSP_Init
 .text.Chip_Clock_DisableMainPLL
                0x000000001a004b7c       0x20 build/lib/boards/edu-ciaa-nxp.a(sysinit_18xx_43xx.o)
 .text.Chip_Clock_SetupMainPLL
                0x000000001a004b9c       0x48 build/lib/boards/edu-ciaa-nxp.a(sysinit_18xx_43xx.o)
 .text.Chip_Clock_MainPLLLocked
                0x000000001a004be4       0x24 build/lib/boards/edu-ciaa-nxp.a(sysinit_18xx_43xx.o)
 .text.Chip_SetupCoreClock
                0x000000001a004c08      0x148 build/lib/boards/edu-ciaa-nxp.a(sysinit_18xx_43xx.o)
                0x000000001a004c08                Chip_SetupCoreClock
 .text.Chip_UART_TXDisable
                0x000000001a004d50       0x1a build/lib/boards/edu-ciaa-nxp.a(uart_18xx_43xx.o)
 .text.Chip_UART_SetupFIFOS
                0x000000001a004d6a       0x1c build/lib/boards/edu-ciaa-nxp.a(uart_18xx_43xx.o)
 .text.Chip_UART_ConfigData
                0x000000001a004d86       0x1c build/lib/boards/edu-ciaa-nxp.a(uart_18xx_43xx.o)
 .text.Chip_UART_EnableDivisorAccess
                0x000000001a004da2       0x20 build/lib/boards/edu-ciaa-nxp.a(uart_18xx_43xx.o)
 .text.Chip_UART_DisableDivisorAccess
                0x000000001a004dc2       0x20 build/lib/boards/edu-ciaa-nxp.a(uart_18xx_43xx.o)
 .text.Chip_UART_SetDivisorLatches
                0x000000001a004de2       0x28 build/lib/boards/edu-ciaa-nxp.a(uart_18xx_43xx.o)
 *fill*         0x000000001a004e0a        0x2 
 .text.Chip_UART_GetIndex
                0x000000001a004e0c       0x6c build/lib/boards/edu-ciaa-nxp.a(uart_18xx_43xx.o)
 .text.Chip_UART_Init
                0x000000001a004e78       0x88 build/lib/boards/edu-ciaa-nxp.a(uart_18xx_43xx.o)
                0x000000001a004e78                Chip_UART_Init
 .text.Chip_UART_SetBaudFDR
                0x000000001a004f00      0x180 build/lib/boards/edu-ciaa-nxp.a(uart_18xx_43xx.o)
                0x000000001a004f00                Chip_UART_SetBaudFDR
 .text          0x000000001a005080       0x30 /home/pablo/eiti/2022/embebidos/gcc/gcc-arm/bin/../lib/gcc/arm-none-eabi/10.3.1/thumb/v7e-m+fp/softfp/libgcc.a(_aeabi_uldivmod.o)
                0x000000001a005080                __aeabi_uldivmod
 .text          0x000000001a0050b0      0x2d0 /home/pablo/eiti/2022/embebidos/gcc/gcc-arm/bin/../lib/gcc/arm-none-eabi/10.3.1/thumb/v7e-m+fp/softfp/libgcc.a(_udivmoddi4.o)
                0x000000001a0050b0                __udivmoddi4
 .text          0x000000001a005380        0x4 /home/pablo/eiti/2022/embebidos/gcc/gcc-arm/bin/../lib/gcc/arm-none-eabi/10.3.1/thumb/v7e-m+fp/softfp/libgcc.a(_dvmd_tls.o)
                0x000000001a005380                __aeabi_ldiv0
                0x000000001a005380                __aeabi_idiv0
 .text.__libc_init_array
                0x000000001a005384       0x48 /home/pablo/eiti/2022/embebidos/gcc/gcc-arm/bin/../lib/gcc/arm-none-eabi/10.3.1/../../../../arm-none-eabi/lib/thumb/v7e-m+fp/softfp/libc_nano.a(lib_a-init.o)
                0x000000001a005384                __libc_init_array
 .text.memcpy   0x000000001a0053cc       0x1c /home/pablo/eiti/2022/embebidos/gcc/gcc-arm/bin/../lib/gcc/arm-none-eabi/10.3.1/../../../../arm-none-eabi/lib/thumb/v7e-m+fp/softfp/libc_nano.a(lib_a-memcpy-stub.o)
                0x000000001a0053cc                memcpy
 .text.memset   0x000000001a0053e8       0x10 /home/pablo/eiti/2022/embebidos/gcc/gcc-arm/bin/../lib/gcc/arm-none-eabi/10.3.1/../../../../arm-none-eabi/lib/thumb/v7e-m+fp/softfp/libc_nano.a(lib_a-memset.o)
                0x000000001a0053e8                memset
 .text          0x000000001a0053f8       0x10 /home/pablo/eiti/2022/embebidos/gcc/gcc-arm/bin/../lib/gcc/arm-none-eabi/10.3.1/../../../../arm-none-eabi/lib/thumb/v7e-m+fp/softfp/libc_nano.a(lib_a-strlen.o)
                0x000000001a0053f8                strlen
 *(.rodata .rodata.* .constdata .constdata.*)
 .rodata        0x000000001a005408       0x2c build/obj/src/main.o
 .rodata        0x000000001a005434        0x5 build/lib/modules/freertos.a(tasks.o)
 *fill*         0x000000001a005439        0x3 
 .rodata        0x000000001a00543c        0xd build/lib/modules/freertos.a(timers.o)
 *fill*         0x000000001a005449        0x3 
 .rodata.periph_to_base
                0x000000001a00544c       0x6c build/lib/boards/edu-ciaa-nxp.a(clock_18xx_43xx.o)
 .rodata        0x000000001a0054b8        0x6 build/lib/boards/edu-ciaa-nxp.a(clock_18xx_43xx.o)
 *fill*         0x000000001a0054be        0x2 
 .rodata.ExtRateIn
                0x000000001a0054c0        0x4 build/lib/boards/edu-ciaa-nxp.a(board_lpcopen.o)
                0x000000001a0054c0                ExtRateIn
 .rodata.OscRateIn
                0x000000001a0054c4        0x4 build/lib/boards/edu-ciaa-nxp.a(board_lpcopen.o)
                0x000000001a0054c4                OscRateIn
 .rodata.GpioLeds
                0x000000001a0054c8        0xc build/lib/boards/edu-ciaa-nxp.a(board_lpcopen.o)
 .rodata.GpioButtons
                0x000000001a0054d4        0x8 build/lib/boards/edu-ciaa-nxp.a(board_lpcopen.o)
 .rodata.GpioPorts
                0x000000001a0054dc       0x12 build/lib/boards/edu-ciaa-nxp.a(board_lpcopen.o)
 *fill*         0x000000001a0054ee        0x2 
 .rodata.InitClkStates
                0x000000001a0054f0        0x4 build/lib/boards/edu-ciaa-nxp.a(board_sysinit.o)
 .rodata.pinmuxing
                0x000000001a0054f4       0x74 build/lib/boards/edu-ciaa-nxp.a(board_sysinit.o)
 .rodata.InitClkStates
                0x000000001a005568       0x48 build/lib/boards/edu-ciaa-nxp.a(sysinit_18xx_43xx.o)
 .rodata.UART_PClock
                0x000000001a0055b0        0x8 build/lib/boards/edu-ciaa-nxp.a(uart_18xx_43xx.o)
 .rodata.UART_BClock
                0x000000001a0055b8        0x8 build/lib/boards/edu-ciaa-nxp.a(uart_18xx_43xx.o)
                0x000000001a0055c0                . = ALIGN (0x4)

.ARM.extab
 *(.ARM.extab* .gnu.linkonce.armextab.*)
                0x000000001a0055c0                __exidx_start = .

.ARM.exidx      0x000000001a0055c0        0x8
 *(.ARM.exidx* .gnu.linkonce.armexidx.*)
 .ARM.exidx     0x000000001a0055c0        0x8 /home/pablo/eiti/2022/embebidos/gcc/gcc-arm/bin/../lib/gcc/arm-none-eabi/10.3.1/thumb/v7e-m+fp/softfp/libgcc.a(_udivmoddi4.o)
                0x000000001a0055c8                __exidx_end = .
                0x000000001a0055c8                _etext = .

.rel.dyn        0x000000001a0055c8        0x0
 .rel.iplt      0x000000001a0055c8        0x0 build/obj/src/bsp.o

.data_RAM2      0x0000000010080000     0xa000 load address 0x000000001a0055c8
 FILL mask 0xff
 *(.ramfunc.$RAM2)
 *(.ramfunc.$RamLoc40)
 *(.data.$RAM2*)
 .data.$RAM2    0x0000000010080000     0xa000 build/lib/boards/edu-ciaa-nxp.a(board.o)
                0x0000000010080000                ucHeap
 *(.data.$RamLoc40*)
                0x000000001008a000                . = ALIGN (0x4)

.data_RAM3      0x0000000020000000        0x0 load address 0x000000001a00f5c8
 FILL mask 0xff
 *(.ramfunc.$RAM3)
 *(.ramfunc.$RamAHB32)
 *(.data.$RAM3*)
 *(.data.$RamAHB32*)
                0x0000000020000000                . = ALIGN (0x4)

.data_RAM4      0x0000000020008000        0x0 load address 0x000000001a00f5c8
 FILL mask 0xff
 *(.ramfunc.$RAM4)
 *(.ramfunc.$RamAHB16)
 *(.data.$RAM4*)
 *(.data.$RamAHB16*)
                0x0000000020008000                . = ALIGN (0x4)

.data_RAM5      0x000000002000c000        0x0 load address 0x000000001a00f5c8
 FILL mask 0xff
 *(.ramfunc.$RAM5)
 *(.ramfunc.$RamAHB_ETB16)
 *(.data.$RAM5*)
 *(.data.$RamAHB_ETB16*)
                0x000000002000c000                . = ALIGN (0x4)

.uninit_RESERVED
                0x0000000010000000        0x0
 *(.bss.$RESERVED*)
                0x0000000010000000                . = ALIGN (0x4)
                0x0000000010000000                _end_uninit_RESERVED = .

.data           0x0000000010000000       0x40 load address 0x000000001a00f5c8
 FILL mask 0xff
                0x0000000010000000                _data = .
 *(vtable)
 *(.ramfunc*)
 *(.data*)
 .data.uxTopUsedPriority
                0x0000000010000000        0x4 build/lib/modules/freertos.a(tasks.o)
                0x0000000010000000                uxTopUsedPriority
 .data.uxCriticalNesting
                0x0000000010000004        0x4 build/lib/modules/freertos.a(port.o)
 .data.i2c      0x0000000010000008       0x38 build/lib/boards/edu-ciaa-nxp.a(i2c_18xx_43xx.o)
                0x0000000010000040                . = ALIGN (0x4)
                0x0000000010000040                _edata = .

.igot.plt       0x0000000010000040        0x0 load address 0x000000001a00f608
 .igot.plt      0x0000000010000040        0x0 build/obj/src/bsp.o

.bss_RAM2       0x000000001008a000        0x0
 *(.bss.$RAM2*)
 *(.bss.$RamLoc40*)
                0x000000001008a000                . = ALIGN (0x4)

.bss_RAM3       0x0000000020000000        0x0
 *(.bss.$RAM3*)
 *(.bss.$RamAHB32*)
                0x0000000020000000                . = ALIGN (0x4)

.bss_RAM4       0x0000000020008000        0x0
 *(.bss.$RAM4*)
 *(.bss.$RamAHB16*)
                0x0000000020008000                . = ALIGN (0x4)

.bss_RAM5       0x000000002000c000        0x0
 *(.bss.$RAM5*)
 *(.bss.$RamAHB_ETB16*)
                0x000000002000c000                . = ALIGN (0x4)

.bss            0x0000000010000040      0x250
                0x0000000010000040                _bss = .
 *(.bss*)
 .bss.board     0x0000000010000040       0x20 build/obj/src/bsp.o
 .bss.instances.1
                0x0000000010000060       0x14 build/obj/src/digital.o
 .bss.instances.0
                0x0000000010000074        0xc build/obj/src/digital.o
 .bss.board     0x0000000010000080        0x4 build/obj/src/main.o
 .bss.parametros.0
                0x0000000010000084       0x30 build/obj/src/main.o
 .bss.pxCurrentTCB
                0x00000000100000b4        0x4 build/lib/modules/freertos.a(tasks.o)
                0x00000000100000b4                pxCurrentTCB
 .bss.pxReadyTasksLists
                0x00000000100000b8       0x8c build/lib/modules/freertos.a(tasks.o)
 .bss.xDelayedTaskList1
                0x0000000010000144       0x14 build/lib/modules/freertos.a(tasks.o)
 .bss.xDelayedTaskList2
                0x0000000010000158       0x14 build/lib/modules/freertos.a(tasks.o)
 .bss.pxDelayedTaskList
                0x000000001000016c        0x4 build/lib/modules/freertos.a(tasks.o)
 .bss.pxOverflowDelayedTaskList
                0x0000000010000170        0x4 build/lib/modules/freertos.a(tasks.o)
 .bss.xPendingReadyList
                0x0000000010000174       0x14 build/lib/modules/freertos.a(tasks.o)
 .bss.xTasksWaitingTermination
                0x0000000010000188       0x14 build/lib/modules/freertos.a(tasks.o)
 .bss.uxDeletedTasksWaitingCleanUp
                0x000000001000019c        0x4 build/lib/modules/freertos.a(tasks.o)
 .bss.xSuspendedTaskList
                0x00000000100001a0       0x14 build/lib/modules/freertos.a(tasks.o)
 .bss.uxCurrentNumberOfTasks
                0x00000000100001b4        0x4 build/lib/modules/freertos.a(tasks.o)
 .bss.xTickCount
                0x00000000100001b8        0x4 build/lib/modules/freertos.a(tasks.o)
 .bss.uxTopReadyPriority
                0x00000000100001bc        0x4 build/lib/modules/freertos.a(tasks.o)
 .bss.xSchedulerRunning
                0x00000000100001c0        0x4 build/lib/modules/freertos.a(tasks.o)
 .bss.xPendedTicks
                0x00000000100001c4        0x4 build/lib/modules/freertos.a(tasks.o)
 .bss.xYieldPending
                0x00000000100001c8        0x4 build/lib/modules/freertos.a(tasks.o)
 .bss.xNumOfOverflows
                0x00000000100001cc        0x4 build/lib/modules/freertos.a(tasks.o)
 .bss.uxTaskNumber
                0x00000000100001d0        0x4 build/lib/modules/freertos.a(tasks.o)
 .bss.xNextTaskUnblockTime
                0x00000000100001d4        0x4 build/lib/modules/freertos.a(tasks.o)
 .bss.xIdleTaskHandle
                0x00000000100001d8        0x4 build/lib/modules/freertos.a(tasks.o)
 .bss.uxSchedulerSuspended
                0x00000000100001dc        0x4 build/lib/modules/freertos.a(tasks.o)
 .bss.xActiveTimerList1
                0x00000000100001e0       0x14 build/lib/modules/freertos.a(timers.o)
 .bss.xActiveTimerList2
                0x00000000100001f4       0x14 build/lib/modules/freertos.a(timers.o)
 .bss.pxCurrentTimerList
                0x0000000010000208        0x4 build/lib/modules/freertos.a(timers.o)
 .bss.pxOverflowTimerList
                0x000000001000020c        0x4 build/lib/modules/freertos.a(timers.o)
 .bss.xTimerQueue
                0x0000000010000210        0x4 build/lib/modules/freertos.a(timers.o)
 .bss.xTimerTaskHandle
                0x0000000010000214        0x4 build/lib/modules/freertos.a(timers.o)
 .bss.xLastTime.0
                0x0000000010000218        0x4 build/lib/modules/freertos.a(timers.o)
 .bss.ucMaxSysCallPriority
                0x000000001000021c        0x1 build/lib/modules/freertos.a(port.o)
 *fill*         0x000000001000021d        0x3 
 .bss.ulMaxPRIGROUPValue
                0x0000000010000220        0x4 build/lib/modules/freertos.a(port.o)
 .bss.xStart    0x0000000010000224        0x8 build/lib/modules/freertos.a(heap_4.o)
 .bss.pxEnd     0x000000001000022c        0x4 build/lib/modules/freertos.a(heap_4.o)
 .bss.xFreeBytesRemaining
                0x0000000010000230        0x4 build/lib/modules/freertos.a(heap_4.o)
 .bss.xMinimumEverFreeBytesRemaining
                0x0000000010000234        0x4 build/lib/modules/freertos.a(heap_4.o)
 .bss.xNumberOfSuccessfulAllocations
                0x0000000010000238        0x4 build/lib/modules/freertos.a(heap_4.o)
 .bss.xNumberOfSuccessfulFrees
                0x000000001000023c        0x4 build/lib/modules/freertos.a(heap_4.o)
 .bss.xBlockAllocatedBit
                0x0000000010000240        0x4 build/lib/modules/freertos.a(heap_4.o)
 .bss.xQueueRegistry
                0x0000000010000244       0x40 build/lib/modules/freertos.a(queue.o)
                0x0000000010000244                xQueueRegistry
 .bss.SystemCoreClock
                0x0000000010000284        0x4 build/lib/boards/edu-ciaa-nxp.a(chip_18xx_43xx.o)
                0x0000000010000284                SystemCoreClock
 .bss.audio_usb_pll_freq
                0x0000000010000288        0x8 build/lib/boards/edu-ciaa-nxp.a(clock_18xx_43xx.o)
 *(COMMON)
                0x0000000010000290                . = ALIGN (0x4)
                0x0000000010000290                _ebss = .
                [!provide]                        PROVIDE (end = .)

.noinit_RAM2    0x000000001008a000        0x0
 *(.noinit.$RAM2*)
 *(.noinit.$RamLoc40*)
                0x000000001008a000                . = ALIGN (0x4)

.noinit_RAM3    0x0000000020000000        0x0
 *(.noinit.$RAM3*)
 *(.noinit.$RamAHB32*)
                0x0000000020000000                . = ALIGN (0x4)

.noinit_RAM4    0x0000000020008000        0x0
 *(.noinit.$RAM4*)
 *(.noinit.$RamAHB16*)
                0x0000000020008000                . = ALIGN (0x4)

.noinit_RAM5    0x000000002000c000        0x0
 *(.noinit.$RAM5*)
 *(.noinit.$RamAHB_ETB16*)
                0x000000002000c000                . = ALIGN (0x4)

.noinit         0x0000000010000290        0x0
                0x0000000010000290                _noinit = .
 *(.noinit*)
                0x0000000010000290                . = ALIGN (0x4)
                0x0000000010000290                _end_noinit = .
                [!provide]                        PROVIDE (_pvHeapStart = .)
                0x0000000010008000                PROVIDE (_vStackTop = (__top_RamLoc32 - 0x0))
                0xffffffff53ff431e                PROVIDE (__valid_user_code_checksum = (0x0 - ((((((_vStackTop + (Reset_Handler + 0x1)) + (NMI_Handler + 0x1)) + (HardFault_Handler + 0x1)) + (DEFINED (MemManage_Handler)?MemManage_Handler:0x0 + 0x1)) + (DEFINED (BusFault_Handler)?BusFault_Handler:0x0 + 0x1)) + (DEFINED (UsageFault_Handler)?UsageFault_Handler:0x0 + 0x1))))
OUTPUT(build/bin/tp8.elf elf32-littlearm)
LOAD linker stubs

.debug_info     0x0000000000000000    0x11c71
 .debug_info    0x0000000000000000      0xfab build/obj/src/bsp.o
 .debug_info    0x0000000000000fab      0x6d8 build/obj/src/digital.o
 .debug_info    0x0000000000001683      0x7ee build/obj/src/main.o
 .debug_info    0x0000000000001e71     0x26d4 build/lib/modules/freertos.a(tasks.o)
 .debug_info    0x0000000000004545     0x135e build/lib/modules/freertos.a(timers.o)
 .debug_info    0x00000000000058a3      0x9cb build/lib/modules/freertos.a(port.o)
 .debug_info    0x000000000000626e      0x98f build/lib/modules/freertos.a(heap_4.o)
 .debug_info    0x0000000000006bfd      0x2d8 build/lib/modules/freertos.a(list.o)
 .debug_info    0x0000000000006ed5     0x1c97 build/lib/modules/freertos.a(queue.o)
 .debug_info    0x0000000000008b6c      0x603 build/lib/boards/edu-ciaa-nxp.a(board.o)
 .debug_info    0x000000000000916f      0x2b5 build/lib/boards/edu-ciaa-nxp.a(armv7m_startup.o)
 .debug_info    0x0000000000009424      0xa65 build/lib/boards/edu-ciaa-nxp.a(chip_18xx_43xx.o)
 .debug_info    0x0000000000009e89     0x1678 build/lib/boards/edu-ciaa-nxp.a(clock_18xx_43xx.o)
 .debug_info    0x000000000000b501      0x33e build/lib/boards/edu-ciaa-nxp.a(sysinit.o)
 .debug_info    0x000000000000b83f     0x14c8 build/lib/boards/edu-ciaa-nxp.a(board_lpcopen.o)
 .debug_info    0x000000000000cd07      0xbce build/lib/boards/edu-ciaa-nxp.a(board_sysinit.o)
 .debug_info    0x000000000000d8d5      0x9c1 build/lib/boards/edu-ciaa-nxp.a(adc_18xx_43xx.o)
 .debug_info    0x000000000000e296      0x1e1 build/lib/boards/edu-ciaa-nxp.a(gpio_18xx_43xx.o)
 .debug_info    0x000000000000e477     0x10f4 build/lib/boards/edu-ciaa-nxp.a(i2c_18xx_43xx.o)
 .debug_info    0x000000000000f56b      0xc7d build/lib/boards/edu-ciaa-nxp.a(ssp_18xx_43xx.o)
 .debug_info    0x00000000000101e8      0x921 build/lib/boards/edu-ciaa-nxp.a(sysinit_18xx_43xx.o)
 .debug_info    0x0000000000010b09     0x1168 build/lib/boards/edu-ciaa-nxp.a(uart_18xx_43xx.o)

.debug_abbrev   0x0000000000000000     0x2c8e
 .debug_abbrev  0x0000000000000000      0x286 build/obj/src/bsp.o
 .debug_abbrev  0x0000000000000286      0x1fa build/obj/src/digital.o
 .debug_abbrev  0x0000000000000480      0x14a build/obj/src/main.o
 .debug_abbrev  0x00000000000005ca      0x2f5 build/lib/modules/freertos.a(tasks.o)
 .debug_abbrev  0x00000000000008bf      0x285 build/lib/modules/freertos.a(timers.o)
 .debug_abbrev  0x0000000000000b44      0x26b build/lib/modules/freertos.a(port.o)
 .debug_abbrev  0x0000000000000daf      0x224 build/lib/modules/freertos.a(heap_4.o)
 .debug_abbrev  0x0000000000000fd3       0xf2 build/lib/modules/freertos.a(list.o)
 .debug_abbrev  0x00000000000010c5      0x2b2 build/lib/modules/freertos.a(queue.o)
 .debug_abbrev  0x0000000000001377       0xfc build/lib/boards/edu-ciaa-nxp.a(board.o)
 .debug_abbrev  0x0000000000001473       0xfd build/lib/boards/edu-ciaa-nxp.a(armv7m_startup.o)
 .debug_abbrev  0x0000000000001570      0x173 build/lib/boards/edu-ciaa-nxp.a(chip_18xx_43xx.o)
 .debug_abbrev  0x00000000000016e3      0x2fc build/lib/boards/edu-ciaa-nxp.a(clock_18xx_43xx.o)
 .debug_abbrev  0x00000000000019df       0xfd build/lib/boards/edu-ciaa-nxp.a(sysinit.o)
 .debug_abbrev  0x0000000000001adc      0x394 build/lib/boards/edu-ciaa-nxp.a(board_lpcopen.o)
 .debug_abbrev  0x0000000000001e70      0x1d0 build/lib/boards/edu-ciaa-nxp.a(board_sysinit.o)
 .debug_abbrev  0x0000000000002040      0x1d2 build/lib/boards/edu-ciaa-nxp.a(adc_18xx_43xx.o)
 .debug_abbrev  0x0000000000002212       0xe7 build/lib/boards/edu-ciaa-nxp.a(gpio_18xx_43xx.o)
 .debug_abbrev  0x00000000000022f9      0x298 build/lib/boards/edu-ciaa-nxp.a(i2c_18xx_43xx.o)
 .debug_abbrev  0x0000000000002591      0x262 build/lib/boards/edu-ciaa-nxp.a(ssp_18xx_43xx.o)
 .debug_abbrev  0x00000000000027f3      0x196 build/lib/boards/edu-ciaa-nxp.a(sysinit_18xx_43xx.o)
 .debug_abbrev  0x0000000000002989      0x305 build/lib/boards/edu-ciaa-nxp.a(uart_18xx_43xx.o)

.debug_aranges  0x0000000000000000      0xe78
 .debug_aranges
                0x0000000000000000       0x60 build/obj/src/bsp.o
 .debug_aranges
                0x0000000000000060       0xa0 build/obj/src/digital.o
 .debug_aranges
                0x0000000000000100       0x38 build/obj/src/main.o
 .debug_aranges
                0x0000000000000138      0x208 build/lib/modules/freertos.a(tasks.o)
 .debug_aranges
                0x0000000000000340       0xe8 build/lib/modules/freertos.a(timers.o)
 .debug_aranges
                0x0000000000000428       0x80 build/lib/modules/freertos.a(port.o)
 .debug_aranges
                0x00000000000004a8       0x58 build/lib/modules/freertos.a(heap_4.o)
 .debug_aranges
                0x0000000000000500       0x40 build/lib/modules/freertos.a(list.o)
 .debug_aranges
                0x0000000000000540      0x140 build/lib/modules/freertos.a(queue.o)
 .debug_aranges
                0x0000000000000680       0x28 build/lib/boards/edu-ciaa-nxp.a(board.o)
 .debug_aranges
                0x00000000000006a8       0x90 build/lib/boards/edu-ciaa-nxp.a(armv7m_startup.o)
 .debug_aranges
                0x0000000000000738       0x40 build/lib/boards/edu-ciaa-nxp.a(chip_18xx_43xx.o)
 .debug_aranges
                0x0000000000000778      0x138 build/lib/boards/edu-ciaa-nxp.a(clock_18xx_43xx.o)
 .debug_aranges
                0x00000000000008b0       0x28 build/lib/boards/edu-ciaa-nxp.a(sysinit.o)
 .debug_aranges
                0x00000000000008d8      0x130 build/lib/boards/edu-ciaa-nxp.a(board_lpcopen.o)
 .debug_aranges
                0x0000000000000a08       0x48 build/lib/boards/edu-ciaa-nxp.a(board_sysinit.o)
 .debug_aranges
                0x0000000000000a50       0x98 build/lib/boards/edu-ciaa-nxp.a(adc_18xx_43xx.o)
 .debug_aranges
                0x0000000000000ae8       0x28 build/lib/boards/edu-ciaa-nxp.a(gpio_18xx_43xx.o)
 .debug_aranges
                0x0000000000000b10      0x118 build/lib/boards/edu-ciaa-nxp.a(i2c_18xx_43xx.o)
 .debug_aranges
                0x0000000000000c28       0xe8 build/lib/boards/edu-ciaa-nxp.a(ssp_18xx_43xx.o)
 .debug_aranges
                0x0000000000000d10       0x50 build/lib/boards/edu-ciaa-nxp.a(sysinit_18xx_43xx.o)
 .debug_aranges
                0x0000000000000d60      0x118 build/lib/boards/edu-ciaa-nxp.a(uart_18xx_43xx.o)

.debug_ranges   0x0000000000000000      0xd48
 .debug_ranges  0x0000000000000000       0x50 build/obj/src/bsp.o
 .debug_ranges  0x0000000000000050       0x90 build/obj/src/digital.o
 .debug_ranges  0x00000000000000e0       0x28 build/obj/src/main.o
 .debug_ranges  0x0000000000000108      0x1f8 build/lib/modules/freertos.a(tasks.o)
 .debug_ranges  0x0000000000000300       0xd8 build/lib/modules/freertos.a(timers.o)
 .debug_ranges  0x00000000000003d8       0x70 build/lib/modules/freertos.a(port.o)
 .debug_ranges  0x0000000000000448       0x48 build/lib/modules/freertos.a(heap_4.o)
 .debug_ranges  0x0000000000000490       0x30 build/lib/modules/freertos.a(list.o)
 .debug_ranges  0x00000000000004c0      0x130 build/lib/modules/freertos.a(queue.o)
 .debug_ranges  0x00000000000005f0       0x18 build/lib/boards/edu-ciaa-nxp.a(board.o)
 .debug_ranges  0x0000000000000608       0x80 build/lib/boards/edu-ciaa-nxp.a(armv7m_startup.o)
 .debug_ranges  0x0000000000000688       0x30 build/lib/boards/edu-ciaa-nxp.a(chip_18xx_43xx.o)
 .debug_ranges  0x00000000000006b8      0x140 build/lib/boards/edu-ciaa-nxp.a(clock_18xx_43xx.o)
 .debug_ranges  0x00000000000007f8       0x18 build/lib/boards/edu-ciaa-nxp.a(sysinit.o)
 .debug_ranges  0x0000000000000810      0x120 build/lib/boards/edu-ciaa-nxp.a(board_lpcopen.o)
 .debug_ranges  0x0000000000000930       0x38 build/lib/boards/edu-ciaa-nxp.a(board_sysinit.o)
 .debug_ranges  0x0000000000000968       0x88 build/lib/boards/edu-ciaa-nxp.a(adc_18xx_43xx.o)
 .debug_ranges  0x00000000000009f0       0x18 build/lib/boards/edu-ciaa-nxp.a(gpio_18xx_43xx.o)
 .debug_ranges  0x0000000000000a08      0x108 build/lib/boards/edu-ciaa-nxp.a(i2c_18xx_43xx.o)
 .debug_ranges  0x0000000000000b10       0xd8 build/lib/boards/edu-ciaa-nxp.a(ssp_18xx_43xx.o)
 .debug_ranges  0x0000000000000be8       0x40 build/lib/boards/edu-ciaa-nxp.a(sysinit_18xx_43xx.o)
 .debug_ranges  0x0000000000000c28      0x120 build/lib/boards/edu-ciaa-nxp.a(uart_18xx_43xx.o)

.debug_macro    0x0000000000000000     0xc3fb
 .debug_macro   0x0000000000000000      0x332 build/obj/src/bsp.o
 .debug_macro   0x0000000000000332      0xa9c build/obj/src/bsp.o
 .debug_macro   0x0000000000000dce       0x22 build/obj/src/bsp.o
 .debug_macro   0x0000000000000df0       0x22 build/obj/src/bsp.o
 .debug_macro   0x0000000000000e12       0x8e build/obj/src/bsp.o
 .debug_macro   0x0000000000000ea0       0x51 build/obj/src/bsp.o
 .debug_macro   0x0000000000000ef1      0x103 build/obj/src/bsp.o
 .debug_macro   0x0000000000000ff4       0x6a build/obj/src/bsp.o
 .debug_macro   0x000000000000105e      0x1df build/obj/src/bsp.o
 .debug_macro   0x000000000000123d       0x10 build/obj/src/bsp.o
 .debug_macro   0x000000000000124d       0x79 build/obj/src/bsp.o
 .debug_macro   0x00000000000012c6       0x22 build/obj/src/bsp.o
 .debug_macro   0x00000000000012e8       0x1c build/obj/src/bsp.o
 .debug_macro   0x0000000000001304       0x22 build/obj/src/bsp.o
 .debug_macro   0x0000000000001326       0xd9 build/obj/src/bsp.o
 .debug_macro   0x00000000000013ff     0x102d build/obj/src/bsp.o
 .debug_macro   0x000000000000242c      0x11f build/obj/src/bsp.o
 .debug_macro   0x000000000000254b      0x2c3 build/obj/src/bsp.o
 .debug_macro   0x000000000000280e      0x112 build/obj/src/bsp.o
 .debug_macro   0x0000000000002920       0x11 build/obj/src/bsp.o
 .debug_macro   0x0000000000002931       0x2a build/obj/src/bsp.o
 .debug_macro   0x000000000000295b       0x16 build/obj/src/bsp.o
 .debug_macro   0x0000000000002971      0x2e6 build/obj/src/bsp.o
 .debug_macro   0x0000000000002c57       0x82 build/obj/src/bsp.o
 .debug_macro   0x0000000000002cd9      0x13d build/obj/src/bsp.o
 .debug_macro   0x0000000000002e16      0x198 build/obj/src/bsp.o
 .debug_macro   0x0000000000002fae       0x34 build/obj/src/bsp.o
 .debug_macro   0x0000000000002fe2       0x58 build/obj/src/bsp.o
 .debug_macro   0x000000000000303a      0x236 build/obj/src/bsp.o
 .debug_macro   0x0000000000003270      0x572 build/obj/src/bsp.o
 .debug_macro   0x00000000000037e2       0x16 build/obj/src/bsp.o
 .debug_macro   0x00000000000037f8      0x18a build/obj/src/bsp.o
 .debug_macro   0x0000000000003982       0x88 build/obj/src/bsp.o
 .debug_macro   0x0000000000003a0a      0x1b9 build/obj/src/bsp.o
 .debug_macro   0x0000000000003bc3      0x1da build/obj/src/bsp.o
 .debug_macro   0x0000000000003d9d       0x40 build/obj/src/bsp.o
 .debug_macro   0x0000000000003ddd       0x1c build/obj/src/bsp.o
 .debug_macro   0x0000000000003df9       0x2e build/obj/src/bsp.o
 .debug_macro   0x0000000000003e27       0x2e build/obj/src/bsp.o
 .debug_macro   0x0000000000003e55       0x22 build/obj/src/bsp.o
 .debug_macro   0x0000000000003e77      0x201 build/obj/src/bsp.o
 .debug_macro   0x0000000000004078       0xe0 build/obj/src/bsp.o
 .debug_macro   0x0000000000004158      0x34c build/obj/src/bsp.o
 .debug_macro   0x00000000000044a4       0xdc build/obj/src/bsp.o
 .debug_macro   0x0000000000004580       0xc4 build/obj/src/bsp.o
 .debug_macro   0x0000000000004644       0x8f build/obj/src/bsp.o
 .debug_macro   0x00000000000046d3       0x94 build/obj/src/bsp.o
 .debug_macro   0x0000000000004767       0xb8 build/obj/src/bsp.o
 .debug_macro   0x000000000000481f       0x4c build/obj/src/bsp.o
 .debug_macro   0x000000000000486b       0x16 build/obj/src/bsp.o
 .debug_macro   0x0000000000004881      0x328 build/obj/src/bsp.o
 .debug_macro   0x0000000000004ba9       0x3a build/obj/src/bsp.o
 .debug_macro   0x0000000000004be3       0xd0 build/obj/src/bsp.o
 .debug_macro   0x0000000000004cb3       0x18 build/obj/src/bsp.o
 .debug_macro   0x0000000000004ccb       0x22 build/obj/src/bsp.o
 .debug_macro   0x0000000000004ced       0x40 build/obj/src/bsp.o
 .debug_macro   0x0000000000004d2d      0x130 build/obj/src/bsp.o
 .debug_macro   0x0000000000004e5d      0x325 build/obj/src/digital.o
 .debug_macro   0x0000000000005182      0x50e build/obj/src/main.o
 .debug_macro   0x0000000000005690      0x174 build/obj/src/main.o
 .debug_macro   0x0000000000005804       0x6c build/obj/src/main.o
 .debug_macro   0x0000000000005870       0x11 build/obj/src/main.o
 .debug_macro   0x0000000000005881       0x64 build/obj/src/main.o
 .debug_macro   0x00000000000058e5       0x1e build/obj/src/main.o
 .debug_macro   0x0000000000005903       0x35 build/obj/src/main.o
 .debug_macro   0x0000000000005938       0x34 build/obj/src/main.o
 .debug_macro   0x000000000000596c       0x16 build/obj/src/main.o
 .debug_macro   0x0000000000005982       0x35 build/obj/src/main.o
 .debug_macro   0x00000000000059b7      0x341 build/obj/src/main.o
 .debug_macro   0x0000000000005cf8       0x10 build/obj/src/main.o
 .debug_macro   0x0000000000005d08       0x16 build/obj/src/main.o
 .debug_macro   0x0000000000005d1e       0x43 build/obj/src/main.o
 .debug_macro   0x0000000000005d61       0x34 build/obj/src/main.o
 .debug_macro   0x0000000000005d95       0x10 build/obj/src/main.o
 .debug_macro   0x0000000000005da5       0x58 build/obj/src/main.o
 .debug_macro   0x0000000000005dfd      0x182 build/obj/src/main.o
 .debug_macro   0x0000000000005f7f       0x10 build/obj/src/main.o
 .debug_macro   0x0000000000005f8f       0x1c build/obj/src/main.o
 .debug_macro   0x0000000000005fab       0x52 build/obj/src/main.o
 .debug_macro   0x0000000000005ffd       0x22 build/obj/src/main.o
 .debug_macro   0x000000000000601f       0x10 build/obj/src/main.o
 .debug_macro   0x000000000000602f       0x52 build/obj/src/main.o
 .debug_macro   0x0000000000006081       0xd5 build/obj/src/main.o
 .debug_macro   0x0000000000006156       0x1c build/obj/src/main.o
 .debug_macro   0x0000000000006172       0x3d build/obj/src/main.o
 .debug_macro   0x00000000000061af       0x16 build/obj/src/main.o
 .debug_macro   0x00000000000061c5      0x16f build/obj/src/main.o
 .debug_macro   0x0000000000006334       0x20 build/obj/src/main.o
 .debug_macro   0x0000000000006354      0x109 build/obj/src/main.o
 .debug_macro   0x000000000000645d      0x181 build/obj/src/main.o
 .debug_macro   0x00000000000065de      0x15a build/obj/src/main.o
 .debug_macro   0x0000000000006738       0xea build/obj/src/main.o
 .debug_macro   0x0000000000006822       0x1c build/obj/src/main.o
 .debug_macro   0x000000000000683e       0x26 build/obj/src/main.o
 .debug_macro   0x0000000000006864      0x4c5 build/obj/src/main.o
 .debug_macro   0x0000000000006d29       0xb5 build/obj/src/main.o
 .debug_macro   0x0000000000006dde      0x120 build/obj/src/main.o
 .debug_macro   0x0000000000006efe      0x600 build/lib/modules/freertos.a(tasks.o)
 .debug_macro   0x00000000000074fe       0x5e build/lib/modules/freertos.a(tasks.o)
 .debug_macro   0x000000000000755c       0x94 build/lib/modules/freertos.a(tasks.o)
 .debug_macro   0x00000000000075f0       0x16 build/lib/modules/freertos.a(tasks.o)
 .debug_macro   0x0000000000007606      0x10e build/lib/modules/freertos.a(tasks.o)
 .debug_macro   0x0000000000007714       0x8d build/lib/modules/freertos.a(tasks.o)
 .debug_macro   0x00000000000077a1       0x57 build/lib/modules/freertos.a(tasks.o)
 .debug_macro   0x00000000000077f8       0x16 build/lib/modules/freertos.a(tasks.o)
 .debug_macro   0x000000000000780e       0x29 build/lib/modules/freertos.a(tasks.o)
 .debug_macro   0x0000000000007837       0x16 build/lib/modules/freertos.a(tasks.o)
 .debug_macro   0x000000000000784d       0x1c build/lib/modules/freertos.a(tasks.o)
 .debug_macro   0x0000000000007869       0x91 build/lib/modules/freertos.a(tasks.o)
 .debug_macro   0x00000000000078fa       0x10 build/lib/modules/freertos.a(tasks.o)
 .debug_macro   0x000000000000790a      0x568 build/lib/modules/freertos.a(timers.o)
 .debug_macro   0x0000000000007e72       0x80 build/lib/modules/freertos.a(timers.o)
 .debug_macro   0x0000000000007ef2       0x97 build/lib/modules/freertos.a(timers.o)
 .debug_macro   0x0000000000007f89      0x5c0 build/lib/modules/freertos.a(port.o)
 .debug_macro   0x0000000000008549      0x53a build/lib/modules/freertos.a(heap_4.o)
 .debug_macro   0x0000000000008a83      0x51f build/lib/modules/freertos.a(list.o)
 .debug_macro   0x0000000000008fa2      0x5a3 build/lib/modules/freertos.a(queue.o)
 .debug_macro   0x0000000000009545      0x495 build/lib/boards/edu-ciaa-nxp.a(board.o)
 .debug_macro   0x00000000000099da       0x73 build/lib/boards/edu-ciaa-nxp.a(board.o)
 .debug_macro   0x0000000000009a4d       0x97 build/lib/boards/edu-ciaa-nxp.a(board.o)
 .debug_macro   0x0000000000009ae4       0xfd build/lib/boards/edu-ciaa-nxp.a(board.o)
 .debug_macro   0x0000000000009be1      0x187 build/lib/boards/edu-ciaa-nxp.a(board.o)
 .debug_macro   0x0000000000009d68       0x1d build/lib/boards/edu-ciaa-nxp.a(armv7m_startup.o)
 .debug_macro   0x0000000000009d85      0x315 build/lib/boards/edu-ciaa-nxp.a(chip_18xx_43xx.o)
 .debug_macro   0x000000000000a09a      0x31b build/lib/boards/edu-ciaa-nxp.a(clock_18xx_43xx.o)
 .debug_macro   0x000000000000a3b5      0x48c build/lib/boards/edu-ciaa-nxp.a(sysinit.o)
 .debug_macro   0x000000000000a841      0x49e build/lib/boards/edu-ciaa-nxp.a(board_lpcopen.o)
 .debug_macro   0x000000000000acdf      0x48c build/lib/boards/edu-ciaa-nxp.a(board_sysinit.o)
 .debug_macro   0x000000000000b16b      0x315 build/lib/boards/edu-ciaa-nxp.a(adc_18xx_43xx.o)
 .debug_macro   0x000000000000b480      0x315 build/lib/boards/edu-ciaa-nxp.a(gpio_18xx_43xx.o)
 .debug_macro   0x000000000000b795      0x327 build/lib/boards/edu-ciaa-nxp.a(i2c_18xx_43xx.o)
 .debug_macro   0x000000000000babc      0x315 build/lib/boards/edu-ciaa-nxp.a(ssp_18xx_43xx.o)
 .debug_macro   0x000000000000bdd1      0x315 build/lib/boards/edu-ciaa-nxp.a(sysinit_18xx_43xx.o)
 .debug_macro   0x000000000000c0e6      0x315 build/lib/boards/edu-ciaa-nxp.a(uart_18xx_43xx.o)

.debug_line     0x0000000000000000    0x115a4
 .debug_line    0x0000000000000000      0x8ec build/obj/src/bsp.o
 .debug_line    0x00000000000008ec      0xa23 build/obj/src/digital.o
 .debug_line    0x000000000000130f      0xaf1 build/obj/src/main.o
 .debug_line    0x0000000000001e00     0x2135 build/lib/modules/freertos.a(tasks.o)
 .debug_line    0x0000000000003f35     0x10dd build/lib/modules/freertos.a(timers.o)
 .debug_line    0x0000000000005012      0xce4 build/lib/modules/freertos.a(port.o)
 .debug_line    0x0000000000005cf6      0xd3e build/lib/modules/freertos.a(heap_4.o)
 .debug_line    0x0000000000006a34      0xaf3 build/lib/modules/freertos.a(list.o)
 .debug_line    0x0000000000007527     0x1a01 build/lib/modules/freertos.a(queue.o)
 .debug_line    0x0000000000008f28      0x942 build/lib/boards/edu-ciaa-nxp.a(board.o)
 .debug_line    0x000000000000986a      0x1fe build/lib/boards/edu-ciaa-nxp.a(armv7m_startup.o)
 .debug_line    0x0000000000009a68      0x7dc build/lib/boards/edu-ciaa-nxp.a(chip_18xx_43xx.o)
 .debug_line    0x000000000000a244     0x10d9 build/lib/boards/edu-ciaa-nxp.a(clock_18xx_43xx.o)
 .debug_line    0x000000000000b31d      0x90a build/lib/boards/edu-ciaa-nxp.a(sysinit.o)
 .debug_line    0x000000000000bc27      0xd5f build/lib/boards/edu-ciaa-nxp.a(board_lpcopen.o)
 .debug_line    0x000000000000c986      0x9d2 build/lib/boards/edu-ciaa-nxp.a(board_sysinit.o)
 .debug_line    0x000000000000d358      0x9bc build/lib/boards/edu-ciaa-nxp.a(adc_18xx_43xx.o)
 .debug_line    0x000000000000dd14      0x746 build/lib/boards/edu-ciaa-nxp.a(gpio_18xx_43xx.o)
 .debug_line    0x000000000000e45a      0xdee build/lib/boards/edu-ciaa-nxp.a(i2c_18xx_43xx.o)
 .debug_line    0x000000000000f248      0xdbc build/lib/boards/edu-ciaa-nxp.a(ssp_18xx_43xx.o)
 .debug_line    0x0000000000010004      0x8c4 build/lib/boards/edu-ciaa-nxp.a(sysinit_18xx_43xx.o)
 .debug_line    0x00000000000108c8      0xcdc build/lib/boards/edu-ciaa-nxp.a(uart_18xx_43xx.o)

.debug_str      0x0000000000000000    0x26da1
 .debug_str     0x0000000000000000    0x17900 build/obj/src/bsp.o
                                      0x17b5a (size before relaxing)
 .debug_str     0x0000000000017900      0x1b6 build/obj/src/digital.o
                                      0x16a4f (size before relaxing)
 .debug_str     0x0000000000017ab6     0x8d66 build/obj/src/main.o
                                      0x20067 (size before relaxing)
 .debug_str     0x000000000002081c     0x1eb6 build/lib/modules/freertos.a(tasks.o)
                                      0x21e92 (size before relaxing)
 .debug_str     0x00000000000226d2      0xd0d build/lib/modules/freertos.a(timers.o)
                                      0x2161d (size before relaxing)
 .debug_str     0x00000000000233df      0x7f4 build/lib/modules/freertos.a(port.o)
                                      0x20747 (size before relaxing)
 .debug_str     0x0000000000023bd3      0x33f build/lib/modules/freertos.a(heap_4.o)
                                      0x20321 (size before relaxing)
 .debug_str     0x0000000000023f12       0xad build/lib/modules/freertos.a(list.o)
                                      0x1e487 (size before relaxing)
 .debug_str     0x0000000000023fbf      0x81d build/lib/modules/freertos.a(queue.o)
                                      0x21165 (size before relaxing)
 .debug_str     0x00000000000247dc       0x4f build/lib/boards/edu-ciaa-nxp.a(board.o)
                                      0x1babf (size before relaxing)
 .debug_str     0x000000000002482b      0x1e7 build/lib/boards/edu-ciaa-nxp.a(armv7m_startup.o)
                                       0x2f33 (size before relaxing)
 .debug_str     0x0000000000024a12      0x29e build/lib/boards/edu-ciaa-nxp.a(chip_18xx_43xx.o)
                                      0x17524 (size before relaxing)
 .debug_str     0x0000000000024cb0      0x653 build/lib/boards/edu-ciaa-nxp.a(clock_18xx_43xx.o)
                                      0x17ab1 (size before relaxing)
 .debug_str     0x0000000000025303       0x83 build/lib/boards/edu-ciaa-nxp.a(sysinit.o)
                                      0x1a8cc (size before relaxing)
 .debug_str     0x0000000000025386      0x806 build/lib/boards/edu-ciaa-nxp.a(board_lpcopen.o)
                                      0x1bb68 (size before relaxing)
 .debug_str     0x0000000000025b8c      0x11a build/lib/boards/edu-ciaa-nxp.a(board_sysinit.o)
                                      0x1b5cf (size before relaxing)
 .debug_str     0x0000000000025ca6      0x231 build/lib/boards/edu-ciaa-nxp.a(adc_18xx_43xx.o)
                                      0x17051 (size before relaxing)
 .debug_str     0x0000000000025ed7       0x6f build/lib/boards/edu-ciaa-nxp.a(gpio_18xx_43xx.o)
                                      0x16844 (size before relaxing)
 .debug_str     0x0000000000025f46      0x5dc build/lib/boards/edu-ciaa-nxp.a(i2c_18xx_43xx.o)
                                      0x177ec (size before relaxing)
 .debug_str     0x0000000000026522      0x428 build/lib/boards/edu-ciaa-nxp.a(ssp_18xx_43xx.o)
                                      0x1724b (size before relaxing)
 .debug_str     0x000000000002694a       0xee build/lib/boards/edu-ciaa-nxp.a(sysinit_18xx_43xx.o)
                                      0x174f6 (size before relaxing)
 .debug_str     0x0000000000026a38      0x369 build/lib/boards/edu-ciaa-nxp.a(uart_18xx_43xx.o)
                                      0x1766c (size before relaxing)

.comment        0x0000000000000000       0x49
 .comment       0x0000000000000000       0x49 build/obj/src/bsp.o
                                         0x4a (size before relaxing)
 .comment       0x0000000000000049       0x4a build/obj/src/digital.o
 .comment       0x0000000000000049       0x4a build/obj/src/main.o
 .comment       0x0000000000000049       0x4a build/lib/modules/freertos.a(tasks.o)
 .comment       0x0000000000000049       0x4a build/lib/modules/freertos.a(timers.o)
 .comment       0x0000000000000049       0x4a build/lib/modules/freertos.a(port.o)
 .comment       0x0000000000000049       0x4a build/lib/modules/freertos.a(heap_4.o)
 .comment       0x0000000000000049       0x4a build/lib/modules/freertos.a(list.o)
 .comment       0x0000000000000049       0x4a build/lib/modules/freertos.a(queue.o)
 .comment       0x0000000000000049       0x4a build/lib/boards/edu-ciaa-nxp.a(board.o)
 .comment       0x0000000000000049       0x4a build/lib/boards/edu-ciaa-nxp.a(armv7m_startup.o)
 .comment       0x0000000000000049       0x4a build/lib/boards/edu-ciaa-nxp.a(chip_18xx_43xx.o)
 .comment       0x0000000000000049       0x4a build/lib/boards/edu-ciaa-nxp.a(clock_18xx_43xx.o)
 .comment       0x0000000000000049       0x4a build/lib/boards/edu-ciaa-nxp.a(sysinit.o)
 .comment       0x0000000000000049       0x4a build/lib/boards/edu-ciaa-nxp.a(board_lpcopen.o)
 .comment       0x0000000000000049       0x4a build/lib/boards/edu-ciaa-nxp.a(board_sysinit.o)
 .comment       0x0000000000000049       0x4a build/lib/boards/edu-ciaa-nxp.a(adc_18xx_43xx.o)
 .comment       0x0000000000000049       0x4a build/lib/boards/edu-ciaa-nxp.a(gpio_18xx_43xx.o)
 .comment       0x0000000000000049       0x4a build/lib/boards/edu-ciaa-nxp.a(i2c_18xx_43xx.o)
 .comment       0x0000000000000049       0x4a build/lib/boards/edu-ciaa-nxp.a(ssp_18xx_43xx.o)
 .comment       0x0000000000000049       0x4a build/lib/boards/edu-ciaa-nxp.a(sysinit_18xx_43xx.o)
 .comment       0x0000000000000049       0x4a build/lib/boards/edu-ciaa-nxp.a(uart_18xx_43xx.o)

.ARM.attributes
                0x0000000000000000       0x30
 .ARM.attributes
                0x0000000000000000       0x32 build/obj/src/bsp.o
 .ARM.attributes
                0x0000000000000032       0x32 build/obj/src/digital.o
 .ARM.attributes
                0x0000000000000064       0x32 build/obj/src/main.o
 .ARM.attributes
                0x0000000000000096       0x32 build/lib/modules/freertos.a(tasks.o)
 .ARM.attributes
                0x00000000000000c8       0x32 build/lib/modules/freertos.a(timers.o)
 .ARM.attributes
                0x00000000000000fa       0x32 build/lib/modules/freertos.a(port.o)
 .ARM.attributes
                0x000000000000012c       0x32 build/lib/modules/freertos.a(heap_4.o)
 .ARM.attributes
                0x000000000000015e       0x32 build/lib/modules/freertos.a(list.o)
 .ARM.attributes
                0x0000000000000190       0x32 build/lib/modules/freertos.a(queue.o)
 .ARM.attributes
                0x00000000000001c2       0x32 build/lib/boards/edu-ciaa-nxp.a(board.o)
 .ARM.attributes
                0x00000000000001f4       0x32 build/lib/boards/edu-ciaa-nxp.a(armv7m_startup.o)
 .ARM.attributes
                0x0000000000000226       0x32 build/lib/boards/edu-ciaa-nxp.a(chip_18xx_43xx.o)
 .ARM.attributes
                0x0000000000000258       0x32 build/lib/boards/edu-ciaa-nxp.a(clock_18xx_43xx.o)
 .ARM.attributes
                0x000000000000028a       0x32 build/lib/boards/edu-ciaa-nxp.a(sysinit.o)
 .ARM.attributes
                0x00000000000002bc       0x32 build/lib/boards/edu-ciaa-nxp.a(board_lpcopen.o)
 .ARM.attributes
                0x00000000000002ee       0x32 build/lib/boards/edu-ciaa-nxp.a(board_sysinit.o)
 .ARM.attributes
                0x0000000000000320       0x32 build/lib/boards/edu-ciaa-nxp.a(adc_18xx_43xx.o)
 .ARM.attributes
                0x0000000000000352       0x32 build/lib/boards/edu-ciaa-nxp.a(gpio_18xx_43xx.o)
 .ARM.attributes
                0x0000000000000384       0x32 build/lib/boards/edu-ciaa-nxp.a(i2c_18xx_43xx.o)
 .ARM.attributes
                0x00000000000003b6       0x32 build/lib/boards/edu-ciaa-nxp.a(ssp_18xx_43xx.o)
 .ARM.attributes
                0x00000000000003e8       0x32 build/lib/boards/edu-ciaa-nxp.a(sysinit_18xx_43xx.o)
 .ARM.attributes
                0x000000000000041a       0x32 build/lib/boards/edu-ciaa-nxp.a(uart_18xx_43xx.o)
 .ARM.attributes
                0x000000000000044c       0x1e /home/pablo/eiti/2022/embebidos/gcc/gcc-arm/bin/../lib/gcc/arm-none-eabi/10.3.1/thumb/v7e-m+fp/softfp/libgcc.a(_aeabi_uldivmod.o)
 .ARM.attributes
                0x000000000000046a       0x32 /home/pablo/eiti/2022/embebidos/gcc/gcc-arm/bin/../lib/gcc/arm-none-eabi/10.3.1/thumb/v7e-m+fp/softfp/libgcc.a(_udivmoddi4.o)
 .ARM.attributes
                0x000000000000049c       0x1e /home/pablo/eiti/2022/embebidos/gcc/gcc-arm/bin/../lib/gcc/arm-none-eabi/10.3.1/thumb/v7e-m+fp/softfp/libgcc.a(_dvmd_tls.o)
 .ARM.attributes
                0x00000000000004ba       0x32 /home/pablo/eiti/2022/embebidos/gcc/gcc-arm/bin/../lib/gcc/arm-none-eabi/10.3.1/../../../../arm-none-eabi/lib/thumb/v7e-m+fp/softfp/libc_nano.a(lib_a-init.o)
 .ARM.attributes
                0x00000000000004ec       0x32 /home/pablo/eiti/2022/embebidos/gcc/gcc-arm/bin/../lib/gcc/arm-none-eabi/10.3.1/../../../../arm-none-eabi/lib/thumb/v7e-m+fp/softfp/libc_nano.a(lib_a-memcpy-stub.o)
 .ARM.attributes
                0x000000000000051e       0x32 /home/pablo/eiti/2022/embebidos/gcc/gcc-arm/bin/../lib/gcc/arm-none-eabi/10.3.1/../../../../arm-none-eabi/lib/thumb/v7e-m+fp/softfp/libc_nano.a(lib_a-memset.o)
 .ARM.attributes
                0x0000000000000550       0x17 /home/pablo/eiti/2022/embebidos/gcc/gcc-arm/bin/../lib/gcc/arm-none-eabi/10.3.1/../../../../arm-none-eabi/lib/thumb/v7e-m+fp/softfp/libc_nano.a(lib_a-strlen.o)

.debug_frame    0x0000000000000000     0x3ac4
 .debug_frame   0x0000000000000000      0x160 build/obj/src/bsp.o
 .debug_frame   0x0000000000000160      0x294 build/obj/src/digital.o
 .debug_frame   0x00000000000003f4       0x90 build/obj/src/main.o
 .debug_frame   0x0000000000000484      0x8e0 build/lib/modules/freertos.a(tasks.o)
 .debug_frame   0x0000000000000d64      0x3d4 build/lib/modules/freertos.a(timers.o)
 .debug_frame   0x0000000000001138      0x1a8 build/lib/modules/freertos.a(port.o)
 .debug_frame   0x00000000000012e0      0x12c build/lib/modules/freertos.a(heap_4.o)
 .debug_frame   0x000000000000140c       0xd8 build/lib/modules/freertos.a(list.o)
 .debug_frame   0x00000000000014e4      0x580 build/lib/modules/freertos.a(queue.o)
 .debug_frame   0x0000000000001a64       0x58 build/lib/boards/edu-ciaa-nxp.a(board.o)
 .debug_frame   0x0000000000001abc      0x1b8 build/lib/boards/edu-ciaa-nxp.a(armv7m_startup.o)
 .debug_frame   0x0000000000001c74       0xa0 build/lib/boards/edu-ciaa-nxp.a(chip_18xx_43xx.o)
 .debug_frame   0x0000000000001d14      0x568 build/lib/boards/edu-ciaa-nxp.a(clock_18xx_43xx.o)
 .debug_frame   0x000000000000227c       0x54 build/lib/boards/edu-ciaa-nxp.a(sysinit.o)
 .debug_frame   0x00000000000022d0      0x4f4 build/lib/boards/edu-ciaa-nxp.a(board_lpcopen.o)
 .debug_frame   0x00000000000027c4       0xe0 build/lib/boards/edu-ciaa-nxp.a(board_sysinit.o)
 .debug_frame   0x00000000000028a4      0x264 build/lib/boards/edu-ciaa-nxp.a(adc_18xx_43xx.o)
 .debug_frame   0x0000000000002b08       0x60 build/lib/boards/edu-ciaa-nxp.a(gpio_18xx_43xx.o)
 .debug_frame   0x0000000000002b68      0x4c8 build/lib/boards/edu-ciaa-nxp.a(i2c_18xx_43xx.o)
 .debug_frame   0x0000000000003030      0x3e8 build/lib/boards/edu-ciaa-nxp.a(ssp_18xx_43xx.o)
 .debug_frame   0x0000000000003418       0xf4 build/lib/boards/edu-ciaa-nxp.a(sysinit_18xx_43xx.o)
 .debug_frame   0x000000000000350c      0x4e4 build/lib/boards/edu-ciaa-nxp.a(uart_18xx_43xx.o)
 .debug_frame   0x00000000000039f0       0x2c /home/pablo/eiti/2022/embebidos/gcc/gcc-arm/bin/../lib/gcc/arm-none-eabi/10.3.1/thumb/v7e-m+fp/softfp/libgcc.a(_aeabi_uldivmod.o)
 .debug_frame   0x0000000000003a1c       0x34 /home/pablo/eiti/2022/embebidos/gcc/gcc-arm/bin/../lib/gcc/arm-none-eabi/10.3.1/thumb/v7e-m+fp/softfp/libgcc.a(_udivmoddi4.o)
 .debug_frame   0x0000000000003a50       0x2c /home/pablo/eiti/2022/embebidos/gcc/gcc-arm/bin/../lib/gcc/arm-none-eabi/10.3.1/../../../../arm-none-eabi/lib/thumb/v7e-m+fp/softfp/libc_nano.a(lib_a-init.o)
 .debug_frame   0x0000000000003a7c       0x28 /home/pablo/eiti/2022/embebidos/gcc/gcc-arm/bin/../lib/gcc/arm-none-eabi/10.3.1/../../../../arm-none-eabi/lib/thumb/v7e-m+fp/softfp/libc_nano.a(lib_a-memcpy-stub.o)
 .debug_frame   0x0000000000003aa4       0x20 /home/pablo/eiti/2022/embebidos/gcc/gcc-arm/bin/../lib/gcc/arm-none-eabi/10.3.1/../../../../arm-none-eabi/lib/thumb/v7e-m+fp/softfp/libc_nano.a(lib_a-memset.o)

Cross Reference Table

Symbol                                            File
Blinking                                          build/obj/src/main.o
BlinkingAmarillo                                  build/obj/src/main.o
BoardCreate                                       build/obj/src/bsp.o
                                                  build/obj/src/main.o
BoardInit                                         build/lib/boards/edu-ciaa-nxp.a(board.o)
Board_ADC_ReadBegin                               build/lib/boards/edu-ciaa-nxp.a(board_lpcopen.o)
Board_ADC_ReadEnd                                 build/lib/boards/edu-ciaa-nxp.a(board_lpcopen.o)
Board_ADC_ReadWait                                build/lib/boards/edu-ciaa-nxp.a(board_lpcopen.o)
Board_Debug_Init                                  build/lib/boards/edu-ciaa-nxp.a(board_lpcopen.o)
Board_Init                                        build/lib/boards/edu-ciaa-nxp.a(board_lpcopen.o)
                                                  build/lib/boards/edu-ciaa-nxp.a(sysinit.o)
Board_LED_Set                                     build/lib/boards/edu-ciaa-nxp.a(board_lpcopen.o)
Board_LED_Test                                    build/lib/boards/edu-ciaa-nxp.a(board_lpcopen.o)
Board_LED_Toggle                                  build/lib/boards/edu-ciaa-nxp.a(board_lpcopen.o)
Board_SetupClocking                               build/lib/boards/edu-ciaa-nxp.a(board_sysinit.o)
Board_SetupMuxing                                 build/lib/boards/edu-ciaa-nxp.a(board_sysinit.o)
Board_SystemInit                                  build/lib/boards/edu-ciaa-nxp.a(board_sysinit.o)
                                                  build/lib/boards/edu-ciaa-nxp.a(sysinit.o)
Board_TEC_GetStatus                               build/lib/boards/edu-ciaa-nxp.a(board_lpcopen.o)
Board_UARTGetChar                                 build/lib/boards/edu-ciaa-nxp.a(board_lpcopen.o)
Board_UARTPutChar                                 build/lib/boards/edu-ciaa-nxp.a(board_lpcopen.o)
Board_UARTPutSTR                                  build/lib/boards/edu-ciaa-nxp.a(board_lpcopen.o)
BusFault_Handler                                  build/lib/boards/edu-ciaa-nxp.a(armv7m_startup.o)
Chip_ADC_DeInit                                   build/lib/boards/edu-ciaa-nxp.a(adc_18xx_43xx.o)
Chip_ADC_EnableChannel                            build/lib/boards/edu-ciaa-nxp.a(adc_18xx_43xx.o)
                                                  build/lib/boards/edu-ciaa-nxp.a(board_lpcopen.o)
Chip_ADC_Init                                     build/lib/boards/edu-ciaa-nxp.a(adc_18xx_43xx.o)
                                                  build/lib/boards/edu-ciaa-nxp.a(board_lpcopen.o)
Chip_ADC_Int_SetChannelCmd                        build/lib/boards/edu-ciaa-nxp.a(adc_18xx_43xx.o)
Chip_ADC_ReadByte                                 build/lib/boards/edu-ciaa-nxp.a(adc_18xx_43xx.o)
Chip_ADC_ReadStatus                               build/lib/boards/edu-ciaa-nxp.a(adc_18xx_43xx.o)
                                                  build/lib/boards/edu-ciaa-nxp.a(board_lpcopen.o)
Chip_ADC_ReadValue                                build/lib/boards/edu-ciaa-nxp.a(adc_18xx_43xx.o)
                                                  build/lib/boards/edu-ciaa-nxp.a(board_lpcopen.o)
Chip_ADC_SetBurstCmd                              build/lib/boards/edu-ciaa-nxp.a(adc_18xx_43xx.o)
                                                  build/lib/boards/edu-ciaa-nxp.a(board_lpcopen.o)
Chip_ADC_SetResolution                            build/lib/boards/edu-ciaa-nxp.a(adc_18xx_43xx.o)
                                                  build/lib/boards/edu-ciaa-nxp.a(board_lpcopen.o)
Chip_ADC_SetSampleRate                            build/lib/boards/edu-ciaa-nxp.a(adc_18xx_43xx.o)
                                                  build/lib/boards/edu-ciaa-nxp.a(board_lpcopen.o)
Chip_ADC_SetStartMode                             build/lib/boards/edu-ciaa-nxp.a(adc_18xx_43xx.o)
                                                  build/lib/boards/edu-ciaa-nxp.a(board_lpcopen.o)
Chip_Clock_CalcMainPLLValue                       build/lib/boards/edu-ciaa-nxp.a(clock_18xx_43xx.o)
                                                  build/lib/boards/edu-ciaa-nxp.a(sysinit_18xx_43xx.o)
Chip_Clock_ClearPowerDown                         build/lib/boards/edu-ciaa-nxp.a(clock_18xx_43xx.o)
Chip_Clock_Disable                                build/lib/boards/edu-ciaa-nxp.a(clock_18xx_43xx.o)
                                                  build/lib/boards/edu-ciaa-nxp.a(uart_18xx_43xx.o)
                                                  build/lib/boards/edu-ciaa-nxp.a(ssp_18xx_43xx.o)
                                                  build/lib/boards/edu-ciaa-nxp.a(i2c_18xx_43xx.o)
                                                  build/lib/boards/edu-ciaa-nxp.a(adc_18xx_43xx.o)
Chip_Clock_DisableBaseClock                       build/lib/boards/edu-ciaa-nxp.a(clock_18xx_43xx.o)
Chip_Clock_DisableCrystal                         build/lib/boards/edu-ciaa-nxp.a(clock_18xx_43xx.o)
Chip_Clock_DisablePLL                             build/lib/boards/edu-ciaa-nxp.a(clock_18xx_43xx.o)
Chip_Clock_Enable                                 build/lib/boards/edu-ciaa-nxp.a(clock_18xx_43xx.o)
                                                  build/lib/boards/edu-ciaa-nxp.a(ssp_18xx_43xx.o)
                                                  build/lib/boards/edu-ciaa-nxp.a(i2c_18xx_43xx.o)
Chip_Clock_EnableBaseClock                        build/lib/boards/edu-ciaa-nxp.a(clock_18xx_43xx.o)
                                                  build/lib/boards/edu-ciaa-nxp.a(chip_18xx_43xx.o)
Chip_Clock_EnableCrystal                          build/lib/boards/edu-ciaa-nxp.a(clock_18xx_43xx.o)
                                                  build/lib/boards/edu-ciaa-nxp.a(sysinit_18xx_43xx.o)
Chip_Clock_EnableOpts                             build/lib/boards/edu-ciaa-nxp.a(clock_18xx_43xx.o)
                                                  build/lib/boards/edu-ciaa-nxp.a(uart_18xx_43xx.o)
                                                  build/lib/boards/edu-ciaa-nxp.a(adc_18xx_43xx.o)
                                                  build/lib/boards/edu-ciaa-nxp.a(chip_18xx_43xx.o)
Chip_Clock_EnablePLL                              build/lib/boards/edu-ciaa-nxp.a(clock_18xx_43xx.o)
                                                  build/lib/boards/edu-ciaa-nxp.a(chip_18xx_43xx.o)
Chip_Clock_GetBaseClock                           build/lib/boards/edu-ciaa-nxp.a(clock_18xx_43xx.o)
Chip_Clock_GetBaseClockOpts                       build/lib/boards/edu-ciaa-nxp.a(clock_18xx_43xx.o)
Chip_Clock_GetBaseClocktHz                        build/lib/boards/edu-ciaa-nxp.a(clock_18xx_43xx.o)
Chip_Clock_GetClockInputHz                        build/lib/boards/edu-ciaa-nxp.a(clock_18xx_43xx.o)
                                                  build/lib/boards/edu-ciaa-nxp.a(chip_18xx_43xx.o)
Chip_Clock_GetDividerDivisor                      build/lib/boards/edu-ciaa-nxp.a(clock_18xx_43xx.o)
Chip_Clock_GetDividerSource                       build/lib/boards/edu-ciaa-nxp.a(clock_18xx_43xx.o)
Chip_Clock_GetEMCRate                             build/lib/boards/edu-ciaa-nxp.a(clock_18xx_43xx.o)
Chip_Clock_GetMainPLLHz                           build/lib/boards/edu-ciaa-nxp.a(clock_18xx_43xx.o)
Chip_Clock_GetPLLStatus                           build/lib/boards/edu-ciaa-nxp.a(clock_18xx_43xx.o)
                                                  build/lib/boards/edu-ciaa-nxp.a(chip_18xx_43xx.o)
Chip_Clock_GetRate                                build/lib/boards/edu-ciaa-nxp.a(clock_18xx_43xx.o)
                                                  build/lib/boards/edu-ciaa-nxp.a(uart_18xx_43xx.o)
                                                  build/lib/boards/edu-ciaa-nxp.a(ssp_18xx_43xx.o)
                                                  build/lib/boards/edu-ciaa-nxp.a(i2c_18xx_43xx.o)
                                                  build/lib/boards/edu-ciaa-nxp.a(adc_18xx_43xx.o)
                                                  build/lib/boards/edu-ciaa-nxp.a(chip_18xx_43xx.o)
Chip_Clock_IsBaseClockEnabled                     build/lib/boards/edu-ciaa-nxp.a(clock_18xx_43xx.o)
Chip_Clock_RTCEnable                              build/lib/boards/edu-ciaa-nxp.a(clock_18xx_43xx.o)
Chip_Clock_SetBaseClock                           build/lib/boards/edu-ciaa-nxp.a(clock_18xx_43xx.o)
                                                  build/lib/boards/edu-ciaa-nxp.a(sysinit_18xx_43xx.o)
                                                  build/lib/boards/edu-ciaa-nxp.a(board_sysinit.o)
                                                  build/lib/boards/edu-ciaa-nxp.a(chip_18xx_43xx.o)
Chip_Clock_SetDivider                             build/lib/boards/edu-ciaa-nxp.a(clock_18xx_43xx.o)
                                                  build/lib/boards/edu-ciaa-nxp.a(chip_18xx_43xx.o)
Chip_Clock_SetupMainPLLHz                         build/lib/boards/edu-ciaa-nxp.a(clock_18xx_43xx.o)
Chip_Clock_SetupMainPLLMult                       build/lib/boards/edu-ciaa-nxp.a(clock_18xx_43xx.o)
Chip_Clock_SetupPLL                               build/lib/boards/edu-ciaa-nxp.a(clock_18xx_43xx.o)
                                                  build/lib/boards/edu-ciaa-nxp.a(chip_18xx_43xx.o)
Chip_Clock_StartPowerDown                         build/lib/boards/edu-ciaa-nxp.a(clock_18xx_43xx.o)
Chip_GPIO_DeInit                                  build/lib/boards/edu-ciaa-nxp.a(gpio_18xx_43xx.o)
Chip_GPIO_Init                                    build/lib/boards/edu-ciaa-nxp.a(gpio_18xx_43xx.o)
                                                  build/lib/boards/edu-ciaa-nxp.a(board_lpcopen.o)
Chip_I2C_DeInit                                   build/lib/boards/edu-ciaa-nxp.a(i2c_18xx_43xx.o)
Chip_I2C_Disable                                  build/lib/boards/edu-ciaa-nxp.a(i2c_18xx_43xx.o)
Chip_I2C_EventHandler                             build/lib/boards/edu-ciaa-nxp.a(i2c_18xx_43xx.o)
Chip_I2C_EventHandlerPolling                      build/lib/boards/edu-ciaa-nxp.a(i2c_18xx_43xx.o)
Chip_I2C_GetClockRate                             build/lib/boards/edu-ciaa-nxp.a(i2c_18xx_43xx.o)
Chip_I2C_GetMasterEventHandler                    build/lib/boards/edu-ciaa-nxp.a(i2c_18xx_43xx.o)
Chip_I2C_Init                                     build/lib/boards/edu-ciaa-nxp.a(i2c_18xx_43xx.o)
                                                  build/lib/boards/edu-ciaa-nxp.a(board_lpcopen.o)
Chip_I2C_IsMasterActive                           build/lib/boards/edu-ciaa-nxp.a(i2c_18xx_43xx.o)
Chip_I2C_IsStateChanged                           build/lib/boards/edu-ciaa-nxp.a(i2c_18xx_43xx.o)
Chip_I2C_MasterCmdRead                            build/lib/boards/edu-ciaa-nxp.a(i2c_18xx_43xx.o)
Chip_I2C_MasterRead                               build/lib/boards/edu-ciaa-nxp.a(i2c_18xx_43xx.o)
Chip_I2C_MasterSend                               build/lib/boards/edu-ciaa-nxp.a(i2c_18xx_43xx.o)
Chip_I2C_MasterStateHandler                       build/lib/boards/edu-ciaa-nxp.a(i2c_18xx_43xx.o)
Chip_I2C_MasterTransfer                           build/lib/boards/edu-ciaa-nxp.a(i2c_18xx_43xx.o)
Chip_I2C_SetClockRate                             build/lib/boards/edu-ciaa-nxp.a(i2c_18xx_43xx.o)
                                                  build/lib/boards/edu-ciaa-nxp.a(board_lpcopen.o)
Chip_I2C_SetMasterEventHandler                    build/lib/boards/edu-ciaa-nxp.a(i2c_18xx_43xx.o)
Chip_I2C_SlaveSetup                               build/lib/boards/edu-ciaa-nxp.a(i2c_18xx_43xx.o)
Chip_I2C_SlaveStateHandler                        build/lib/boards/edu-ciaa-nxp.a(i2c_18xx_43xx.o)
Chip_SSP_DeInit                                   build/lib/boards/edu-ciaa-nxp.a(ssp_18xx_43xx.o)
Chip_SSP_Init                                     build/lib/boards/edu-ciaa-nxp.a(ssp_18xx_43xx.o)
                                                  build/lib/boards/edu-ciaa-nxp.a(board_lpcopen.o)
Chip_SSP_Int_FlushData                            build/lib/boards/edu-ciaa-nxp.a(ssp_18xx_43xx.o)
Chip_SSP_Int_RWFrames16Bits                       build/lib/boards/edu-ciaa-nxp.a(ssp_18xx_43xx.o)
Chip_SSP_Int_RWFrames8Bits                        build/lib/boards/edu-ciaa-nxp.a(ssp_18xx_43xx.o)
Chip_SSP_RWFrames_Blocking                        build/lib/boards/edu-ciaa-nxp.a(ssp_18xx_43xx.o)
Chip_SSP_ReadFrames_Blocking                      build/lib/boards/edu-ciaa-nxp.a(ssp_18xx_43xx.o)
Chip_SSP_SetBitRate                               build/lib/boards/edu-ciaa-nxp.a(ssp_18xx_43xx.o)
                                                  build/lib/boards/edu-ciaa-nxp.a(board_lpcopen.o)
Chip_SSP_SetClockRate                             build/lib/boards/edu-ciaa-nxp.a(ssp_18xx_43xx.o)
Chip_SSP_SetMaster                                build/lib/boards/edu-ciaa-nxp.a(ssp_18xx_43xx.o)
Chip_SSP_WriteFrames_Blocking                     build/lib/boards/edu-ciaa-nxp.a(ssp_18xx_43xx.o)
Chip_SetupCoreClock                               build/lib/boards/edu-ciaa-nxp.a(sysinit_18xx_43xx.o)
                                                  build/lib/boards/edu-ciaa-nxp.a(board_sysinit.o)
Chip_SetupIrcClocking                             build/lib/boards/edu-ciaa-nxp.a(sysinit_18xx_43xx.o)
Chip_SetupXtalClocking                            build/lib/boards/edu-ciaa-nxp.a(sysinit_18xx_43xx.o)